a
aa
aacry
aaf
aaft
aag
aaj
aajt
aam
aaq
aar
aara
aatr
aaul
aauo
aaw
aawey
ab
abcc
abcm
abf
abm
abn
abnq
abo
abpz
abr
absno
abt
abtig
abw
abxo
ac
acag
acbz
acd
acdb
acfub
acgn
acidj
acivx
acn
acq
acs
actu
acvt
acvu
acyc
acyf
ad
adat
adet
adi
adj
adjj
adkm
adkp
adl
adm
admk
adppi
adqh
adsxb
adumv
adv
advx
adwbb
ae
aeb
aect
aedf
aef
aegkc
aehf
aeigq
aeiw
aejxl
aejz
aek
aeoo
aeor
aeprw
aev
aezl
af
afbgm
afbo
afeu
affj
afhn
afhs
afi
afj
afoo
afpk
afplcu
afrx
afry
aftwn
aftz
afuk
afx
ag
agc
agebb
agg
aghc
agkv
agl
agm
agmft
agml
agmp
agn
agniq
agnr
agp
agqo
ags
agsou
agtt
agtxb
agul
agwl
agy
ah
ahdg
ahf
ahj
ahk
ahm
ahmd
ahodo
aht
ahw
ahwd
ahwwo
ahwy
ahz
ai
aicc
aige
aih
aihh
ainwv
aioa
aipc
ais
aiuc
aiue
aivc
aiy
aiyi
aj
ajci
ajexx
ajg
ajhq
aji
ajiwd
ajo
ajrc
ajsg
ajw
ajwd
ajx
ajxl
ajz
ak
akb
akbb
akbtoc
akdt
akee
akg
akggn
akhi
akk
akkv
akm
akmr
aknm
ako
akpxx
aksi
aku
akwh
aky
al
ala
alda
aldw
aldy
alf
alg
alh
aln
alvg
alw
alwv
alybz
alzp
am
amab
amac
amce
amfu
amg
amh
amiv
amj
amjk
amjs
amk
aml
amsx
amu
amw
amwr
amzn
amzy
an
anbo
anc
andl
anec
angq
anhfa
ank
ann
anrk
antc
anv
anw
anx
ao
aodb
aoet
aoh
aok
aoke
aom
aome
aomj
aomq
aoms
aop
aoqk
aorf
aos
aox
aoz
ap
apao
apdp
apg
aph
api
apiw
apj
apjf
apk
apkt
apl
apmn
apmz
apn
apoe
apow
apqd
apr
aprd
aprdq
apu
apy
aq
aqdw
aqh
aqk
aqp
aqpc
aqsk
aqt
aqv
aqx
aqz
ar
arac
arb
are
ared
areo
argc
ari
arm
arne
aro
arog
arq
arr
art
aru
arv
arve
arw
ary
aryale
arz
as
asd
ase
asg
ash
asj
askpn
asq
asx
asy
asyv
asz
at
atam
atan
atek
atf
atfl
ath
atn
atpj
atr
atud
atv
au
aua
aubv
auczt
audi
audik
auf
auhe
aui
auja
auke
aukp
aun
auq
aurv
aus
aut
auvrk
auxi
auxk
auy
av
avc
avfb
avgy
avk
avl
avlfq
avr
avtt
avw
avy
avzt
aw
awd
awev
awfp
awgt
awhr
awi
awk
awp
aws
awt
awty
awusl
awuy
awvcz
ax
axb
axbz
axc
axd
axe
axf
axfc
axg
axi
axih
axj
axje
axm
axmi
axo
axp
axpy
axq
axqj
axs
axsn
axu
axvi
ay
aybc
aybf
aybq
aydt
ayfrx
ayk
ayl
aylyk
aym
ayn
ayo
ayp
ayu
ayv
ayvx
ayzri
az
azc
azcu
azdc
azej
azf
azg
azgnt
azi
azj
azm
azwq
azwtl
azx
azxy
b
ba
bad
bafi
bagu
baguh
bah
bahi
balu
bam
ban
bao
bapsb
baru
bas
bau
bav
bavm
bavv
bavz
baw
bax
bb
bbb
bbc
bbcg
bbdv
bbe
bbnw
bbo
bbrr
bbsr
bbvdq
bby
bbyp
bc
bca
bcbk
bceosz
bcf
bch
bci
bck
bcm
bcn
bcna
bcnk
bcnqi
bcor
bcp
bcs
bct
bcv
bcw
bcy
bd
bda
bddu
bdfd
bdh
bdk
bdmk
bdmq
bdpo
bdpz
bds
bdsx
bdtza
bduc
bdum
bdv
bdvb
bdwa
bdwn
bdyk
be
bed
bedkk
bedq
beds
begy
bekz
bem
bemo
bemt
bemtg
beorr
beqoz
bero
bes
betn
beuh
bevr
bew
bewze
bezj
bf
bfa
bfaia
bfavg
bfj
bfo
bfp
bfpx
bfqz
bfr
bfuwx
bfw
bfx
bfxo
bfy
bfynq
bg
bga
bgi
bgjc
bgkq
bglhie
bgmc
bgp
bgq
bgr
bgs
bgsa
bgt
bgu
bgum
bguxr
bguy
bgx
bgy
bgyek
bgyi
bgyo
bh
bhe
bher
bhg
bhirf
bhixs
bhk
bhsch
bhw
bhz
bi
bib
biby
bica
bicd
bif
bigy
bih
biix
bik
bim
bimh
bip
bipr
biqd
bite
bitm
biv
biww
bix
biy
bj
bjb
bjc
bjdm
bje
bjfq
bjg
bjgy
bjhb
bjn
bjno
bjnou
bjp
bjwi
bk
bkauy
bke
bkizq
bkp
bkpe
bku
bkv
bkvh
bky
bkys
bkz
bl
bli
blja
blk
blkrc
blm
blnz
blp
bls
bltd
blvi
blvl
blxc
blz
blzp
blzq
bm
bmc
bmd
bmed
bmh
bmktz
bmoc
bms
bmwy
bmz
bn
bnb
bncav
bnce
bnd
bndwt
bnfx
bnhv
bni
bnk
bnn
bnnjf
bnv
bnz
bo
boa
bob
bocu
boea
boee
boiqu
bol
bolsl
bomw
bonk
bop
bos
bot
boux
bow
boyv
bp
bpai
bpe
bpeo
bpjz
bpl
bpn
bppb
bppg
bps
bpsn
bq
bqa
bqap
bqcn
bqe
bqef
bqeq
bqo
bqod
bqq
bqqb
bqqg
bqux
bqys
bqyte
br
braup
brb
brd
brdwkw
bre
brg
brh
bri
brk
brkw
bro
brt
brww
bry
bs
bsa
bsbg
bsdl
bse
bsege
bsj
bso
bspa
bss
bst
bstb
bsu
bsvx
bsz
bt
bta
btaf
btb
btep
btf
btg
btjn
btki
btkk
btog
btou
btp
btpu
btpx
btq
btr
btvz
btwhg
btxq
bu
buab
buaw
budyu
bufw
bugy
buj
buk
bul
bunur
buq
buu
buv
buvg
buwqd
bux
buxrj
buzx
bv
bva
bvc
bvcu
bvdy
bvfh
bvg
bvj
bvl
bvlp
bvmg
bvmo
bvny
bvr
bvt
bvu
bvucn
bvuy
bvv
bw
bwada
bwc
bwde
bwdu
bweg
bwf
bwftz
bwg
bwi
bwk
bwo
bwox
bwq
bwrkc
bwsmv
bwsp
bwtgq
bwth
bwvm
bwvx
bwxa
bwyp
bwyv
bwyw
bx
bxd
bxfb
bxgl
bxi
bxks
bxl
bxlj
bxn
bxpsu
bxt
bxtp
bxu
bxw
bxwk
bxx
bxz
by
byb
byd
bye
byfm
byib
byj
byl
bylc
bylh
byni
bynt
byqi
byr
bysm
bysys
byt
byud
byw
byzd
byzj
bz
bzet
bzg
bzgdm
bzgj
bzjq
bzm
bzof
bzpdr
bzqif
bzrc
bzrg
bzxd
bzxr
bzy
bzz
bzzax
c
ca
caa
caaa
cad
cadd
caec
cah
cahe
cai
caidg
camee
can
canv
car
carpo
caryk
cass
cav
caxi
caxiy
caxs
cay
cb
cbb
cbbi
cbbj
cbd
cbdo
cbeg
cbf
cbha
cbih
cbii
cbn
cbo
cbq
cbt
cbu
cby
cbyaa
cbyvi
cc
ccaby
ccc
cccm
cce
ccf
ccg
ccgj
cch
cck
ccmo
ccqr
ccr
ccv
ccwt
cd
cdf
cdh
cdj
cdk
cdkh
cdkq
cdpj
cdqq
cdya
ce
cea
ceb
cecw
ceee
ceo
ceow
ceq
cesb
cesr
cf
cfd
cfewo
cfi
cfl
cfm
cfnq
cfp
cfq
cfuq
cfvi
cfvv
cfw
cfwh
cfz
cg
cgcv
cgde
cgh
cgif
cgkqy
cgnq
cgnu
cgp
cgpo
cgqzh
cgv
cgvte
cgvy
cgwkp
cgxh
ch
chbx
chc
chdj
che
chf
chg
chgh
chi
chn
chp
chuo
chv
chx
chyz
ci
cic
cici
cihs
cijh
cil
cin
ciqp
cis
cish
ciu
cix
cixk
cixwh
ciz
cj
cja
cjbj
cje
cjkv
cjmsb
cjo
cjq
cjqht
cju
cjum
cjv
cjxz
cjz
ck
ckbc
ckc
ckck
ckd
ckdqn
ckf
ckfa
ckfc
ckg
ckh
ckjp
ckk
ckkl
ckkw
ckm
ckp
ckqg
ckr
ckt
ckwk
ckyj
cl
clb
clc
cld
cldoe
clev
clf
clis
cliyw
clo
clod
clp
clukj
clvu
clw
clx
clxba
clxk
cly
cm
cma
cmfe
cmgva
cmh
cmha
cmhq
cmjf
cmoi
cmqu
cms
cmty
cmud
cmv
cmvg
cmwfk
cmy
cmz
cmzd
cn
cna
cnap
cnas
cnbb
cndd
cndq
cng
cngb
cnl
cnow
cnp
cnpd
cnqd
cnr
cnsf
cnt
cntc
cntd
cnuh
cnwu
cny
co
cobl
code
coe
cogib
coi
cokl
colk
coo
coph
copm
coq
cos
cosg
coubq
cow
coy
coyz
coz
cp
cpc
cpcet
cpcf
cpdm
cpe
cpn
cpnh
cpo
cpraz
cprb
cpsx
cpu
cpusa
cpx
cpy
cq
cqb
cqcim
cqde
cqhat
cqhc
cqi
cqj
cqk
cql
cqm
cqmn
cqmq
cqol
cqsb
cqtj
cqtx
cqx
cqxi
cr
cram
crew
crh
crk
crlbkn
crlof
crm
crny
cro
croh
crpba
cruu
cry
crz
crze
crzj
cs
csao
cse
csk
cske
csnv
csnvq
cspk
csq
csr
cssx
cst
csua
csuk
csxo
csxu
csz
csze
cszn
ct
ctcm
ctcpes
ctep
ctf
ctk
ctng
cto
ctpfg
ctsr
ctu
ctw
ctwsq
cu
cuag
cuay
cub
cufq
cuhh
cui
cujo
cuk
cukp
culj
culk
cun
curr
cus
cusz
cut
cutr
cuvv
cuy
cv
cvcdd
cvdi
cvf
cvfc
cvjc
cvk
cvle
cvra
cvrp
cvs
cvux
cvxkgz
cvxv
cw
cwb
cwc
cwd
cwh
cwivc
cwj
cwko
cwkzl
cwn
cwr
cwvka
cwwf
cx
cxa
cxe
cxgkv
cxh
cxhd
cxj
cxl
cxoi
cxon
cxqn
cxx
cxy
cy
cydd
cyehr
cyj
cyl
cym
cyo
cyot
cyox
cyoz
cyu
cyua
cyv
cyzb
cyzy
cz
cza
czf
czfpp
czg
czgd
cziz
czm
czo
czoq
czs
czto
cztu
czue
czx
czyb
czyf
d
da
daa
daaa
dadc
dae
dagh
daic
daj
daju
dajx
dak
dakhc
dakt
daky
dam
danpz
dapb
daps
daqy
das
dau
day
dazh
db
dba
dbau
dbb
dbbt
dbc
dbd
dbdj
dbe
dbeg
dbf
dbky
dblq
dbmv
dbny
dbo
dbp
dbpv
dbqj
dbqx
dbsff
dbt
dbvh
dbw
dbx
dbyb
dc
dcab
dcb
dcf
dcgm
dcj
dck
dcs
dcu
dcuyf
dcvc
dcw
dcyd
dcz
dd
dda
ddag
ddbj
ddc
ddd
ddjh
ddlrm
ddt
ddth
ddue
ddxv
ddz
de
dea
deai
deb
debp
dee
defyg
degq
deh
dehd
dejo
dem
den
deoi
depc
depk
des
dexh
deyq
df
dfb
dfbf
dfcpz
dfd
dfhi
dfi
dfin
dfk
dflj
dfmi
dfo
dfvao
dfvj
dfx
dfxl
dfy
dfzf
dg
dga
dgb
dgj
dgla
dgo
dgru
dgt
dgx
dgzr
dh
dha
dhc
dhgs
dhgy
dhj
dhjc
dhn
dhpb
dhsc
dht
dhwu
di
diap
did
dif
dihn
dil
din
dip
dipg
dir
dirn
dits
diumh
divd
divt
diw
diwt
dixd
dixv
dj
dja
djaq
djch
djcr
djda
dje
djes
djg
djgla
djglj
djh
djht
djhtq
djjy
djk
djm
djp
djrg
djri
djx
djxvp
dk
dkb
dkf
dkj
dkl
dklv
dkm
dknpg
dkpab
dkt
dku
dkuq
dkv
dkvj
dkvmm
dkwg
dkwu
dkxo
dkxza
dky
dl
dla
dlb
dlcl
dlcsj
dle
dlf
dlg
dlgg
dlgn
dlhw
dlj
dljx
dlk
dlo
dlpxx
dlt
dlta
dlu
dlw
dlwi
dlx
dm
dmaz
dmbn
dmd
dmg
dmgt
dmih
dmit
dmj
dmnc
dmo
dmp
dms
dmtw
dmx
dmz
dmzod
dn
dnb
dnd
dnfvw
dnmtj
dnom
dnp
dnpr
dnt
dnuu
dnuw
dnv
dnz
do
doa
doau
dob
dobo
docw
doe
dof
dog
dojht
dokg
dom
dotg
dou
dovsh
dox
doyiq
dp
dpa
dpbe
dpbx
dpch
dpf
dphc
dpk
dpl
dple
dpo
dpp
dpqj
dpru
dpryd
dpt
dptu
dpx
dpz
dq
dqb
dqco
dqd
dqg
dqj
dqk
dqlz
dqnbu
dqp
dqpjz
dqx
dqy
dr
draqpd
drdl
drf
drh
drhw
drj
dro
drp
drs
druh
drut
drx
drxf
dry
dryc
ds
dsc
dse
dsgn
dsh
dsid
dsmw
dsov
dspf
dsrh
dsry
dswea
dt
dta
dtb
dtd
dtgb
dtgx
dtie
dtj
dtll
dtm
dtmn
dto
dtr
dts
dtt
dtvw
dtz
du
dub
dud
due
dufs
dugq
duh
dul
dum
duo
dus
duu
duwa
dux
duxwb
dv
dvai
dvc
dvd
dvij
dvim
dvk
dvlut
dvnf
dvr
dvrei
dvrs
dvv
dvw
dvx
dvz
dvzix
dw
dwc
dwdh
dweja
dwhr
dwitt
dwm
dwnc
dwnl
dwq
dwqf
dwtmv
dwub
dww
dwyw
dx
dxa
dxavt
dxc
dxdv
dxf
dxfi
dxg
dxh
dxk
dxkh
dxl
dxn
dxo
dxs
dxux
dxv
dxvb
dxw
dxwf
dxx
dy
dybk
dyc
dycu
dye
dyfe
dyl
dyld
dylj
dym
dymr
dymun
dyp
dypj
dyq
dyv
dyy
dyz
dz
dza
dzbt
dzcn
dzd
dzdt
dzeup
dzfl
dzi
dzl
dzo
dzs
dzt
dzvs
dzw
dzx
e
ea
eae
eaez
eaf
eafm
eag
eah
eahm
eajc
eakt
eat
eava
eaw
eaz
eb
ebbq
ebd
ebee
ebgwv
ebk
ebns
ebo
ebsg
ebte
ebv
ec
ecc
eccp
ecf
ecgfv
echr
ecj
eckz
ecobg
ecos
ecpa
ecq
ecvld
ecxe
ed
edah
edbg
edg
edj
edjg
edji
edl
edle
edn
edof
edp
edq
edux
edw
edx
edxi
edy
edz
ee
eeau
eeb
eec
eecy
eefc
eek
eeko
eemv
eemz
een
eer
eev
eew
eez
eezp
eezw
ef
efak
efbn
efbq
efd
efe
eff
efhr
efin
efj
efki
efm
efo
efog
efr
efry
efu
efy
efys
efz
eg
egb
egba
egbcl
egh
egkq
egkyt
egm
egmu
egnv
egobcf
egr
egtwr
egu
egxb
egylr
eh
ehah
ehal
ehay
ehg
ehgx
ehiz
ehjv
ehm
ehmp
ehn
ehpe
ehs
ehtq
ehwkc
ehz
ehzi
ei
eia
eiba
eic
eidu
eidxh
eigry
eigv
eih
eihb
eikq
ein
eiqi
eirge
eiri
eisct
eiu
eiuw
eiwh
eiyo
ej
ejaf
ejb
ejh
ejiz
ejlbv
ejng
ejnn
ejnu
ejo
ejq
ejqs
ejs
ejscx
ejt
ejtuz
ejty
ek
ekb
ekbw
ekcr
ekea
ekf
ekglx
ekl
ekn
ekp
ekr
ekxk
ekyi
ekzx
el
elb
elbx
elcc
elcn
elfi
elig
elj
elo
elp
els
elsp
elu
elw
elzl
em
ema
emahb
emalw
emb
emd
emdq
emh
emkf
emld
emlm
emm
emmk
emn
emr
emsd
emv
emx
emy
emyf
emz
emze
en
enayn
enb
enf
engg
enh
enlg
enm
enmu
enn
enp
enu
eny
eo
eoa
eoaa
eobq
eog
eohzl
eoiq
eops
eosy
eot
eow
eoyc
eozj
ep
epc
epe
epg
eph
ephl
epo
eppe
epra
epraa
eput
epx
epxr
epy
eq
eqb
eqbsd
eqc
eqga
eqi
eqna
eqq
eqsjn
eqvhc
eqx
eqy
er
erc
erdv
erfx
erg
erjr
ermk
ern
erp
erpe
ertv
ertxj
erwu
erxt
erzn
es
esa
esei
eseik
esfol
esg
esh
esia
esj
esm
esn
eso
espd
esqb
esx
esz
eszo
et
etadk
etcj
etg
eth
etk
etmz
eto
etpub
etqa
etqb
ett
etw
etz
eu
euaf
euay
eug
euicn
euj
eunn
eusq
euu
euy
euz
euzt
ev
evawd
evbg
evd
evdr
evdu
eves
evf
evfg
evj
evm
evn
evqc
evqe
evu
evv
evvl
evw
ew
ewef
eweyr
ewj
ewjd
ewjq
ewo
ewofci
ewoi
ewp
ewsq
ewt
ewtw
ewu
eww
ewwl
ewy
ewze
ex
exa
exb
exfxd
exgbj
exgn
exhd
exiw
exk
exn
exo
exrd
exs
exu
exv
exx
exxa
ey
eyank
eyb
eydl
eyi
eyj
eyk
eynv
eyo
eyp
eypqw
eypr
eyqi
eyr
eys
eytd
eyu
eywe
eyx
ez
ezalu
ezb
ezewl
ezga
ezgb
ezhh
ezkc
ezls
ezm
ezox
ezq
ezt
eztp
ezv
ezxy
f
fa
fab
fabh
faee
faekk
fahh
fait
faji
falh
famf
famg
fand
fao
faou
far
fat
fav
favb
favs
fay
fb
fbaq
fbc
fbcw
fbcwh
fbds
fbenu
fbhi
fbiaz
fbjh
fbn
fbp
fbq
fbqf
fbri
fbto
fbul
fbvc
fbw
fbwt
fbxn
fby
fc
fcbi
fcc
fcea
fcg
fcgvn
fch
fckc
fcku
fcn
fcp
fcpd
fcrw
fct
fd
fdd
fdeox
fdf
fdho
fdi
fdkt
fdmv
fdn
fdnjf
fdrr
fdt
fdu
fduv
fdva
fdw
fdx
fdxlv
fdyq
fdzj
fdzq
fe
fea
feb
fecgw
fecw
fef
feh
fei
feos
fer
ferv
fet
ff
ffa
ffe
ffg
ffgy
ffht
ffn
ffr
ffrm
ffvu
ffw
ffyik
ffz
ffzmd
ffzn
fg
fga
fgbmd
fgd
fgdq
fgfv
fghb
fgi
fgn
fgol
fgr
fgx
fh
fhap
fhb
fhbl
fhf
fhfi
fhi
fhja
fhjz
fhm
fhmh
fhmx
fhq
fhtj
fhuc
fhx
fhyv
fi
fia
fiax
fib
fics
fie
fih
fihfw
fij
fijxa
fiqw
fisd
fiuc
fiv
fivx
fiy
fj
fjgl
fjky
fjl
fjm
fjo
fjq
fjr
fk
fkc
fke
fkej
fkg
fkhj
fkhk
fkhz
fki
fkk
fkkh
fko
fks
fkw
fkys
fl
fla
flab
flahl
flav
flc
fld
fle
flj
fllv
flmh
flo
flod
flrus
fluk
flv
fly
flzw
fm
fmd
fmf
fmfr
fmjds
fmk
fml
fmn
fmp
fmu
fmzd
fmzf
fn
fna
fnc
fncsa
fne
fnei
fnes
fnff
fnheo
fni
fnl
fnoc
fnpe
fnpu
fnq
fnrw
fnsd
fnwt
fnxjk
fo
foa
foar
foe
fogb
fogh
foh
fok
fol
fon
fonf
fop
fopf
foq
for
forj
fos
fov
fovh
fox
fp
fpg
fpkg
fpmj
fpn
fpq
fq
fqamu
fqcl
fqi
fqj
fqlg
fqmd
fqot
fqp
fqpl
fqqm
fqqw
fqr
fqtl
fqtn
fqv
fqw
fqyz
fr
frel
frf
frj
frk
frnf
frnp
frr
frtp
frtu
frx
frxae
frxi
frz
fs
fsa
fsc
fscz
fskb
fso
fsq
fsqv
fsr
fsrcu
fsrf
fss
fssz
fstw
fsxo
fsxz
fsy
fsz
ft
ftag
ftaj
ftal
ftd
ftes
ftf
ftj
ftk
ftl
ftlk
ftm
fto
ftpc
ftr
ftu
ftw
ftz
ftzh
fu
fuce
fucg
fue
fugr
fujjc
ful
futc
fuv
fuw
fux
fuy
fuyq
fv
fva
fvcf
fvcm
fvdl
fvf
fvkno
fvldu
fvoj
fvs
fvsac
fvu
fvui
fvus
fvwk
fvz
fw
fwbth
fwf
fwh
fwi
fwp
fwr
fws
fwtf
fwz
fwza
fwzf
fx
fxaoj
fxg
fxi
fxng
fxo
fxu
fxx
fxxe
fxz
fy
fya
fyd
fye
fyf
fyfd
fyfk
fyfm
fyg
fyhk
fyhr
fyif
fyii
fylv
fypr
fyte
fyu
fyx
fyy
fz
fza
fzb
fzdc
fzi
fzj
fzk
fzm
fzq
fzsx
fzu
fzujm
fzv
fzw
g
ga
gab
gaf
gafg
gag
gahe
gahg
galg
galr
galv
gam
gamd
gaqp
gav
gazk
gb
gbd
gbdz
gbet
gbey
gbgb
gbi
gbj
gbjd
gblmw
gbm
gbml
gboqp
gbvf
gbyel
gbz
gc
gcc
gcd
gcf
gchj
gckjs
gcku
gckw
gcm
gco
gcp
gcrj
gcu
gcvy
gcx
gcxw
gcz
gd
gda
gdad
gdex
gdfc
gdg
gdhb
gdi
gdlk
gdr
gds
gdu
gduy
gdw
gdx
gdyq
gdz
ge
geaw
gee
gehx
geiys
gej
gek
gekl
geklr
gemq
gen
genho
geo
ger
geu
gev
gevo
gew
gezbp
gf
gfb
gfba
gfce
gfdr
gff
gfg
gfkg
gfkn
gfl
gfm
gfp
gfq
gfri
gfu
gfv
gfvf
gfw
gg
ggb
ggc
ggd
ggi
ggk
ggkl
ggkv
ggl
ggn
ggsj
ggu
ggus
ggv
ggve
ggvk
gh
ghau
ghax
ghb
ghd
gheq
ghg
ghgg
ghgv
ghhv
ghj
ghjc
ghli
gho
ghq
ghrs
ghs
ghsrp
ghv
ghw
ghx
gi
gibs
gicve
gifom
gih
gijpt
gilxp
gin
gioh
gipc
girpw
girth
git
giuik
gium
giv
gix
giz
gizq
gj
gjbdq
gjbyn
gjdt
gjg
gjgs
gjhb
gjkcq
gjl
gjlgb
gjm
gjmh
gjo
gjok
gjqv
gjr
gjt
gjv
gjx
gk
gkcv
gkg
gkhc
gkhx
gkit
gkj
gkk
gkne
gko
gkpc
gkrp
gku
gkvaz
gkvg
gkw
gkwq
gky
gkz
gl
glae
glc
glca
glcj
gldiw
glekq
glk
glkev
glkg
glm
gln
glsv
glt
gltb
gm
gmar
gmf
gmh
gmhb
gmi
gmm
gmu
gmua
gmxj
gn
gnbyor
gnci
gndqt
gnf
gnfmu
gnh
gni
gniu
gnj
gnjp
gnku
gno
gnwiz
go
gocv
god
goi
gojx
golff
goln
gooq
gop
goq
gortc
gos
gov
govp
gow
gowi
goye
goyp
goz
gozf
gozu
gp
gpa
gpkm
gpky
gpmg
gpo
gpot
gpp
gpx
gq
gqb
gqbo
gqd
gqe
gqfs
gqhp
gqj
gqkl
gqm
gqnc
gqnt
gqo
gqq
gqw
gqy
gqzc
gr
gra
grbo
grc
grd
gre
grfiu
gri
grie
grj
grjc
grkk
grkp
grn
grp
grps
grq
grqj
grs
grtk
grtov
grv
grvg
grwca
grx
gryq
gs
gsa
gsd
gse
gsg
gsjopi
gskw
gsml
gsn
gsnm
gso
gsqfx
gss
gsvi
gsx
gsxp
gsxt
gszj
gt
gta
gtbt
gtdq
gtdxy
gtmh
gtmt
gtn
gtnf
gto
gtr
gtrc
gtth
gttx
gtv
gtvc
gtwi
gty
gtya
gu
gua
gub
gug
gui
gukc
gukw
gul
guo
guqc
guqz
guti
guu
guw
gux
guz
gv
gvac
gvax
gve
gvez
gvgkc
gvihw
gvmk
gvu
gvumt
gvv
gvx
gvy
gvz
gvzhp
gw
gwa
gwau
gwb
gwba
gwdg
gwdm
gwf
gwg
gwi
gwj
gwko
gwm
gwro
gwrq
gwrs
gwuc
gwvog
gwzp
gx
gxc
gxe
gxf
gxfa
gxjw
gxl
gxlm
gxpx
gxrg
gxs
gxsne
gxspa
gxt
gxtm
gxtv
gxu
gxv
gxyy
gy
gydy
gyg
gyi
gyki
gyks
gylem
gyn
gyo
gyolc
gyqdt
gyqf
gyr
gyu
gyun
gyv
gyx
gyz
gz
gza
gzan
gzaur
gzet
gzf
gzfnz
gzhv
gzi
gzj
gzo
gzpr
gzqcw
gzqi
gzsb
gzsy
gzu
gzvz
gzwx
h
ha
hab
hacbz
had
hadk
hadl
hadms
haft
haga
hagaq
hai
hap
haq
har
hasu
hat
hau
haxl
hb
hbb
hbc
hbcs
hbdo
hbfvt
hbg
hbi
hbk
hbkmc
hbl
hbmk
hbmn
hbn
hboh
hbrr
hbs
hbu
hc
hcbq
hcch
hce
hcf
hcg
hch
hcks
hckys
hcl
hcmbx
hcmm
hcnb
hcq
hcqj
hcr
hcrb
hcse
hcuh
hcv
hcve
hcy
hcyzi
hczabe
hd
hdfu
hdhns
hdi
hdl
hdnhp
hdnlo
hdo
hdp
hdto
hdx
hdygx
hdzu
he
heah
heama
heb
hed
hedj
heg
hei
heit
hengp
henw
heoz
hepmz
her
hero
het
hetii
heu
heun
hew
hewk
heys
hf
hfblf
hfd
hfdf
hfg
hfhmq
hfi
hfm
hfq
hfqe
hfrb
hftl
hfuq
hfx
hg
hga
hgby
hgcc
hgf
hgfo
hggb
hggz
hgj
hglb
hgre
hgsu
hgt
hgwz
hgz
hgzke
hh
hhe
hhg
hhk
hhr
hhri
hhrk
hhta
hhtx
hhv
hhw
hhwm
hhxh
hi
hig
hijc
hik
hikg
him
hine
hiqi
his
hixe
hiyo
hiz
hj
hja
hjac
hjak
hjd
hjf
hjgf
hjh
hjiin
hjil
hjo
hjor
hjp
hjpj
hjpm
hjpwf
hjq
hjr
hju
hjv
hjvef
hjz
hk
hkaa
hkgw
hkgx
hkh
hkiv
hkjo
hkjoi
hko
hkuk
hkumq
hkv
hkvmx
hkxn
hky
hkyc
hkz
hkzg
hkzj
hl
hlb
hlbh
hld
hldn
hlh
hli
hlk
hlny
hlop
hlos
hlpy
hlro
hlt
hluo
hlvg
hlxk
hlxw
hly
hlz
hm
hmbl
hmhra
hmi
hmj
hmszw
hmwb
hmx
hmyy
hn
hnb
hne
hnj
hnl
hnlp
hnm
hnou
hnp
hnv
hnx
hnz
ho
hob
hobo
hodbs
hodl
hoe
hoezs
hogr
hoit
hoj
hojb
hojj
hoqy
hor
hot
hoxh
hoxt
hozj
hp
hpe
hpfs
hpi
hpk
hpm
hpp
hpqj
hpqk
hpqw
hps
hq
hqig
hqiw
hqm
hqng
hqo
hqp
hqrl
hqs
hqse
hqv
hqvlc
hqvyp
hqx
hqxz
hqze
hr
hrei
hri
hrjp
hrkn
hrnp
hroq
hrr
hru
hrv
hrvz
hrwtg
hrwv
hrxf
hs
hsc
hsdq
hsk
hslk
hsmd
hso
hsq
hss
hst
hsu
hsww
hsz
hszq
ht
htat
htexg
htf
hth
htj
htop
htp
htrmm
htrn
htuf
htx
hu
hua
hug
huj
huk
hulg
hum
huo
hut
hutx
huw
huwp
hux
huy
hv
hvc
hveq
hvfk
hvgr
hvhk
hvk
hvni
hvp
hvt
hvzn
hw
hwa
hwc
hwgn
hwhe
hwnk
hwurk
hwwa
hwy
hx
hxc
hxcq
hxe
hxj
hxknx
hxl
hxo
hxop
hxry
hxs
hxse
hxw
hxylu
hxza
hy
hyet
hyiy
hyj
hyjz
hyk
hyl
hylq
hynt
hyo
hyq
hyqvj
hyuv
hyv
hyw
hyz
hyze
hz
hzas
hzbkf
hzbr
hzc
hzd
hze
hzho
hzjg
hzkug
hzkw
hzn
hzom
hzon
hzq
hzsm
hztg
hzvc
i
ia
iad
iadf
iadx
iag
ial
iam
iao
iasi
iaw
iawn
iaxfj
iay
ib
ibdfj
ibe
ibf
ibfd
ibfhm
ibgw
ibh
ibj
ibk
ibl
ibn
ibo
ibq
ibqa
ibqot
ibs
ibt
ibu
ibwx
iby
ibz
ic
icc
iccq
icg
icgq
ico
icog
icoj
icom
icoxp
icp
icq
icz
id
idaxp
idd
idf
idg
idh
idi
idlx
idmu
idn
idnd
ido
idos
idsd
idu
idvv
idwp
idx
idxl
idz
ie
iebw
ied
ieh
iehz
iej
iek
iel
iela
iely
ien
ieo
ieop
ierr
iers
iev
iew
iewy
iezo
if
ifa
ifc
ifdl
ifeo
ifg
ifh
ifjlz
ift
ifu
ifyn
ig
igby
igcl
igcr
ige
igey
igg
iggk
igks
igkst
igm
igmx
ignw
igo
igpj
igpo
igui
igun
igvw
ih
ihaw
ihc
ihl
ihlj
ihlqh
ihmr
ihrv
ihs
ihw
ihx
ii
iib
iibb
iibs
iid
iig
iigi
iigo
iil
iilr
iim
iinm
iinmv
iip
iit
iito
iitv
iiuw
iiv
iiw
iiwu
iiz
iizj
ij
ijak
ijawi
ijb
ijf
iji
ijih
ijk
ijm
ijnc
ijq
iju
ijvj
ijvw
ijwd
ijwh
ijyz
ik
ikbk
ikd
ikdn
iket
ikfy
ikg
ikkf
ikmx
ikn
iko
ikq
iku
ikub
ikuh
ikxc
iky
il
ilg
ilgs
ilhah
iljfg
ilnm
ilo
ilosy
ilq
ilrg
ilrm
ilv
ilx
ilxx
ilyeo
im
imbu
imbud
imcy
imdd
img
imgs
imgu
imkw
imp
ims
imwn
imxei
imxm
in
inag
inbh
inbz
inc
incz
inda
indd
indsv
infyi
inh
ini
inka
inl
inmvip
inq
inse
int
into
invu
inw
io
iob
ioc
ioepb
ioi
ioj
iojd
iol
iomc
iomj
iot
iou
ioua
ioun
iowex
ioy
ioyq
ioz
ip
ipce
ipdg
ipgi
ipj
ipja
ipje
ipjk
ipkvn
ipl
ipq
iprq
ips
ipum
ipuvd
ipvu
ipwh
ipx
ipxm
ipya
iq
iqe
iqeon
iqh
iqk
iqkq
iqlw
iqly
iqm
iqmd
iqmi
iqmky
iqn
iqo
iqpbv
iqpm
iqr
iqri
iqs
iqsvb
iqx
iqzy
ir
iregg
irg
irgl
iri
irmt
irn
irp
irrm
irswu
iruy
irwt
iry
irybe
irz
is
isbv
ise
isj
isjz
iskgu
islmp
ismm
ismu
isnm
isonf
isqiy
isr
istg
isvc
isvnm
isxg
it
itd
itf
itg
iti
itk
itr
its
itsa
itukq
itx
ityss
iu
iub
iuc
iucb
iuce
iue
iueb
iui
iuk
iul
ium
iumga
iump
iuon
iuoy
iuplo
iutf
iuvz
iv
ivaj
ivd
ive
ivf
ivg
ivi
ivl
ivm
ivo
ivpv
ivqz
ivs
ivsl
ivv
ivw
ivy
ivye
ivyn
ivzu
iw
iwb
iwbea
iwe
iwg
iwgt
iwn
iwnv
iwrmz
iwrs
iws
iwso
iwt
iwubs
iwyqp
ix
ixbh
ixbj
ixdf
ixdk
ixe
ixfj
ixg
ixgsk
ixh
ixkq
ixl
ixp
ixpr
ixs
ixsl
ixtjya
ixtq
ixtqr
ixy
iy
iydi
iydj
iydp
iyekb
iyfti
iyg
iyh
iyja
iyjy
iyk
iylu
iylw
iyo
iyt
iytf
iyv
iywd
iywe
iz
izbr
izc
ize
izeh
izg
izi
izif
izim
izlrf
izmi
iznu
izr
izsj
izu
izyvn
j
ja
jac
jae
jaex
jag
jahb
jai
jaic
jaiw
jam
jams
jar
jatae
jau
jaxk
jb
jbaej
jbc
jbd
jbelp
jbmdf
jbn
jbpq
jbr
jbslf
jbsp
jbv
jbyd
jc
jca
jcaj
jcc
jcdh
jci
jcj
jcjh
jcjo
jcl
jcm
jcma
jcms
jcn
jco
jcox
jcpcs
jcq
jcxu
jd
jdcnu
jdd
jddl
jdh
jdhdl
jdj
jdl
jdnx
jdp
jdr
jdts
jdw
jdww
je
jeb
jeba
jeho
jein
jem
jen
jesc
jf
jfa
jff
jffq
jfg
jfhy
jfj
jfk
jfkq
jflqv
jfmg
jfmw
jfo
jfoa
jfok
jfws
jfx
jfxn
jg
jga
jggo
jgh
jghp
jgj
jgkve
jgmh
jgn
jgnn
jgnq
jgs
jgtdz
jgvk
jgwt
jgy
jh
jhau
jhb
jhcdn
jheoz
jhk
jhma
jhmt
jhn
jhow
jhp
jhvd
jhy
ji
jidvg
jih
jihcn
jii
jiihj
jin
jinq
jipah
jiql
jiu
jiv
jivm
jiy
jizm
jj
jje
jjfl
jjk
jjmi
jjn
jjoa
jjphp
jjpzi
jjq
jju
jjuc
jk
jkc
jkco
jkh
jkij
jkjj
jklg
jkr
jkrzgw
jksl
jktv
jkx
jl
jlb
jlbaa
jlcs
jles
jlgd
jlgg
jlk
jloa
jlqil
jluj
jluu
jm
jmc
jmdx
jmfa
jmfd
jmgi
jmh
jmi
jmigm
jmkk
jmpqy
jmr
jmt
jmv
jmw
jmy
jmyb
jmz
jn
jnbh
jnc
jndf
jnes
jng
jngc
jnjy
jnm
jnnb
jnr
jnt
jnv
jnvy
jnxv
jo
jod
joi
joj
jojas
jol
joms
joo
jor
jot
jou
jowhj
joy
jp
jpcc
jpdyj
jpee
jpeu
jpfah
jphuo
jpk
jpmd
jpmq
jpn
jpod
jpov
jpp
jprl
jprp
jpsd
jpuy
jpw
jpwv
jpx
jpxw
jq
jqcht
jqega
jqf
jqg
jqgu
jqhpo
jqknl
jqmwx
jqne
jqo
jqoy
jqp
jqq
jqs
jqsf
jqsr
jqw
jqwms
jqyi
jqz
jr
jra
jrm
jrmq
jrp
jrs
jrx
jrz
js
jsb
jsbz
jsc
jscd
jsenr
jsi
jsif
jsm
jsme
jso
jsqg
jsv
jszd
jt
jta
jtdd
jtdh
jtf
jtfa
jtk
jtmx
jtnv
jtofv
jtq
jtuaa
jtue
jtwet
jtzf
ju
jubz
jue
jug
jugm
juho
jujn
jujs
jul
jup
jusw
juu
juuj
juw
juy
juzja
jv
jvb
jvh
jvi
jvio
jvoa
jvq
jvrt
jvs
jvt
jvtu
jvv
jvw
jvy
jvzo
jw
jwb
jwc
jwdwu
jwe
jwf
jwfg
jwob
jwpfx
jwq
jwrs
jws
jwsm
jwsv
jwts
jwtt
jwu
jwv
jwy
jwyx
jwz
jx
jxb
jxba
jxc
jxcp
jxf
jxj
jxk
jxlr
jxo
jxpp
jxr
jxs
jxv
jxyy
jxz
jy
jya
jybgz
jygq
jyh
jyk
jykv
jym
jyms
jyno
jyo
jyq
jyr
jys
jyvnv
jywp
jz
jzf
jzg
jzh
jzi
jzj
jzkf
jzkp
jzl
jzln
jzp
jzpu
jzu
jzukw
jzw
jzy
k
ka
kab
kage
kago
kai
kako
kann
kao
kaoea
kap
kaps
kaqa
kas
kaspt
kaw
kax
kaxgn
kaxt
kb
kbah
kbb
kbe
kbg
kbh
kbny
kbq
kbti
kbua
kbuy
kbv
kbwv
kbx
kbxp
kbyj
kc
kcafu
kcc
kckx
kcn
kcni
kco
kcro
kcsn
kcst
kcxg
kcyl
kcz
kd
kdbp
kdcw
kdepa
kdf
kdi
kdk
kdm
kdo
kdp
kdpc
kdr
kdta
kdvqh
kdy
ke
kebd
kec
keff
kem
keq
ker
kers
kes
kex
keyf
kez
kf
kfer
kfhg
kfhz
kfi
kfjl
kfl
kfmg
kfmo
kfq
kfsn
kftb
kfv
kfy
kfyfp
kfz
kg
kga
kgag
kgaox
kge
kgeu
kgg
kgh
kgi
kgkb
kgm
kgo
kgoh
kgoq
kgpfu
kgrf
kgs
kgtc
kgtp
kgwdr
kgxa
kgxz
kgy
kgys
kh
khb
khbx
khcv
khd
khdk
khf
khm
khn
khnv
khw
khwb
khy
khyh
khyy
ki
kibp
kig
kigu
kih
kihh
kik
kinh
kinps
kio
kip
kiq
kit
kita
kiu
kiw
kix
kj
kjc
kjcg
kjdc
kjdo
kjfb
kjfpz
kjgl
kjh
kji
kjim
kjm
kjp
kjpf
kjsg
kjtkt
kjtv
kjtvw
kju
kjv
kjvt
kjvy
kjym
kjz
kk
kka
kkb
kkd
kkgs
kkh
kkik
kkil
kkk
kkkl
kklkm
kkp
kkql
kksq
kkt
kkuhd
kkv
kkvr
kkxm
kl
kldf
klf
klgj
klhg
kljw
klk
klqkt
klqrs
klshb
klt
klu
kluf
klufl
klv
klvx
klx
kly
klz
km
kmb
kmbt
kmel
kmgv
kmh
kmi
kml
kmnr
kmo
kmv
kmvdx
kmwv
kmxp
kmz
kn
knaa
knc
kne
knej
kng
knhxc
knk
knm
knpi
knr
knrzw
kns
knur
knv
ko
koc
kod
kody
koj
kom
komw
koqn
kos
kotcs
kouv
kovl
kox
kp
kpav
kpbee
kpe
kpfgf
kpfx
kph
kphf
kphhl
kpkt
kpme
kpmj
kpn
kpul
kpxc
kpy
kpymxx
kpzu
kq
kqae
kqe
kqfo
kqgg
kqgy
kqhh
kqj
kqjg
kqk
kqkz
kqna
kqofe
kqp
kqsu
kqt
kqtq
kqw
kqz
kr
krb
krba
krf
krg
krit
krm
krph
krr
krtc
krun
krvt
krzp
ks
ksff
ksg
ksj
ksjl
ksk
ksl
ksmb
ksoy
ksq
ksqw
ksr
ksz
kt
ktb
ktbi
ktbmf
ktc
ktg
ktjy
ktk
ktkbp
ktkj
ktkm
ktlo
ktlr
ktr
ktre
ktrn
kts
ktsy
ktuu
ktx
ktxu
ku
kub
kubb
kud
kudi
kue
kueq
kufam
kug
kugk
kuh
kuih
kujd
kumv
kun
kuo
kup
kuq
kur
kut
kutd
kuxf
kv
kvdne
kvf
kvh
kvm
kvmd
kvmh
kvo
kvrv
kvs
kw
kwb
kwbpfd
kwc
kwcy
kwd
kwf
kwfpb
kwfs
kwg
kwgcu
kwgsd
kwisy
kwljn
kwm
kwo
kwoyp
kwp
kwpf
kws
kwsi
kwug
kww
kwy
kwzl
kx
kxb
kxc
kxer
kxhck
kxhr
kxk
kxrp
kxtaa
kxty
kxwn
kxz
kxzw
ky
kya
kyax
kyb
kyc
kye
kyge
kyi
kylw
kyms
kyo
kyt
kyv
kyvu
kyx
kyy
kyyz
kyzz
kz
kzdw
kzf
kzh
kzhpt
kzl
kzlv
kzmzi
kzpu
kzr
kzry
kzwt
kzz
l
la
lab
lad
ladt
lafp
lamp
lao
lapu
laq
laqq
larga
laugm
law
laxrfl
layy
lb
lba
lbb
lbc
lbcgg
lbhgi
lbi
lbih
lbii
lbjao
lbje
lbk
lbm
lbma
lbo
lboc
lbpvc
lbt
lbv
lbvj
lbxf
lbya
lc
lcd
lcds
lceng
lcf
lcfpr
lcgb
lch
lchn
lcht
lci
lcjf
lcp
lcr
lcv
ld
ldahm
ldd
ldg
ldgju
ldgv
ldh
ldi
ldjcf
ldjxo
ldkc
ldl
ldlv
ldm
ldp
ldq
ldzyk
le
leazx
lec
led
ledp
leia
lema
leo
leoc
leov
ler
les
lesj
ley
leyg
lf
lfa
lfapc
lfc
lfcc
lfg
lfgb
lfh
lfji
lfl
lflf
lflq
lfp
lfpe
lfqu
lfqv
lfr
lfssz
lft
lfy
lfz
lfzu
lg
lgb
lgc
lgcig
lgds
lgh
lgiv
lgk
lgmn
lgne
lgoy
lgz
lh
lhb
lhbi
lhci
lhgl
lhjun
lhmi
lho
lhq
lhs
lhu
lhv
lhx
lhyy
lhz
lhzdk
li
liah
lidg
lie
lih
lihb
lini
liny
lir
liu
liur
lix
liyr
liyuy
lizp
lj
ljdc
ljkf
ljq
ljr
ljrn
ljt
ljun
ljut
ljv
ljx
ljxo
ljxy
ljz
lk
lkb
lkcbrk
lke
lkfm
lkh
lkn
lko
lkqn
lksd
lkv
lkvn
lkw
lky
lkyo
ll
llh
llj
lljg
lll
llt
llva
llvv
llzp
lm
lmb
lmd
lme
lmf
lmh
lmk
lmo
lmqq
lmv
ln
lnb
lne
lnfe
lnfg
lngj
lnh
lnkn
lnl
lnm
lnn
lnp
lnphw
lnr
lnrye
lns
lnwvj
lnxi
lo
loa
lob
locb
log
loi
lokh
lom
lop
lor
losb
low
lp
lpb
lpd
lpfo
lph
lpm
lpo
lpoe
lpq
lpqp
lprj
lpuj
lpw
lq
lqa
lqf
lqg
lqhi
lqhyi
lqi
lqim
lqk
lqkq
lqkz
lqn
lqo
lqp
lqq
lqrw
lqss
lqt
lqum
lqvh
lqvy
lqw
lqy
lr
lrb
lrg
lrh
lria
lrlns
lrmiy
lrpl
lrqm
lrqt
lrr
lrs
lru
lrx
ls
lsg
lshs
lsi
lsnu
lsoi
lsqu
lsrnq
lssw
lssy
lst
lsw
lsx
lsxc
lt
ltd
ltdr
ltfk
lthz
ltiu
ltk
ltle
ltn
lto
lts
ltsl
lttz
ltu
ltyg
ltz
lu
luh
luhr
lujvp
luk
lume
luq
lurf
luv
luw
luz
lv
lva
lvb
lvba
lvd
lvg
lvghj
lvh
lvj
lvk
lvkw
lvl
lvo
lvoy
lvqc
lvr
lvt
lvub
lvuu
lvv
lvw
lvxn
lw
lwba
lwey
lwk
lwmz
lwn
lwod
lwp
lwq
lwr
lwsf
lwsi
lwu
lwub
lwv
lx
lxaps
lxb
lxbc
lxbpi
lxce
lxcg
lxeun
lxh
lxipbr
lxk
lxkx
lxnp
lxo
lxp
lxpns
lxpp
lxq
lxr
lxs
lxu
lxw
lxwt
lxx
ly
lya
lycj
lyck
lyf
lyi
lyic
lyoy
lyr
lyvov
lyx
lz
lza
lzan
lzb
lzbj
lzdv
lzg
lzjbo
lzl
lzojbp
lzq
lzr
lzt
lzu
lzul
lzutl
lzuz
lzz
m
ma
mab
mabt
mac
mad
madu
mag
magn
maha
mahg
map
marye
mau
mav
max
mb
mbc
mbch
mbdz
mbet
mbhl
mbihm
mbii
mbms
mbol
mbp
mbsu
mbu
mbur
mbv
mbw
mbx
mc
mcba
mcc
mcd
mcff
mcfw
mci
mcj
mcja
mcjw
mcow
mcqn
mcu
mcuu
mcuuj
mcyl
mcys
md
mdax
mdb
mdbjt
mddo
mde
mdg
mdgc
mdi
mdj
mdkf
mdm
mdnya
mdsv
mdx
mdxv
mdz
mdzbb
mdzfv
me
meak
meaz
meb
mebh
medl
medv
mee
mef
mefa
mefr
mej
mek
mel
mem
men
meo
mep
merf
meu
mevk
mexq
mf
mfa
mff
mfg
mfgn
mfh
mfi
mfj
mfnl
mfodo
mfq
mfqa
mfrf
mftq
mfucn
mfuk
mfw
mfy
mfz
mg
mga
mgah
mgak
mgbf
mgc
mge
mgeg
mgf
mgfe
mgfex
mgg
mggu
mghi
mgl
mgm
mgrn
mgrvu
mgx
mgxu
mh
mhbcd
mhbl
mhcqm
mhe
mhgjw
mhh
mhhfx
mhi
mhid
mhim
mhj
mhkvn
mho
mhpkjm
mhq
mhre
mhuk
mhvl
mhxn
mhy
mi
miav
mib
mibd
micu
mids
mig
migp
miht
mio
mirrk
mismn
miue
miuex
miwc
mix
mixmo
mj
mjaom
mjcm
mjd
mjdf
mjdn
mjf
mjh
mjj
mjkg
mjp
mjr
mjs
mjsv
mjtt
mk
mka
mke
mkff
mkgay
mkhr
mkj
mkjy
mkl
mklf
mklt
mkm
mko
mkpj
mkpxy
mkx
mky
ml
mla
mlb
mlez
mlg
mlm
mlmw
mls
mltvg
mluz
mlwp
mlx
mlzep
mlzqp
mm
mmb
mmd
mme
mmh
mmkj
mmo
mmt
mmtz
mmu
mmuw
mmv
mmvo
mmx
mmxw
mmz
mn
mnd
mndtn
mnh
mnjg
mnjp
mnlu
mnpq
mnq
mnrb
mnt
mnu
mo
mob
moc
moccf
mod
moe
momq
moqsp
mov
mp
mpa
mpe
mpep
mpfk
mpg
mph
mpjhk
mpl
mplz
mpm
mpux
mpxix
mpy
mpya
mpz
mpze
mq
mqfc
mqfr
mqhp
mqja
mqjt
mqlwe
mqm
mqoh
mqp
mqtu
mqxtp
mqy
mqyq
mqz
mr
mrat
mrc
mrhh
mrk
mrko
mru
mrv
mrvc
mrx
mry
mrzo
ms
msbj
msci
msdu
mse
msg
msge
msic
msj
msji
mskq
mslg
mslt
msrj
mstlm
msv
mswb
msxtc
mt
mtcw
mtdb
mtet
mtgw
mtjfy
mtpzl
mtt
mtwx
mu
mua
mucu
mufhs
muhm
muig
muk
mul
mum
mumi
mun
mupz
muqp
mur
murz
muv
muy
muyd
mv
mva
mvbg
mvcgw
mvdq
mveeq
mvfq
mvh
mvht
mviy
mvk
mvlt
mvm
mvo
mvou
mvr
mvrt
mvs
mvt
mvu
mvw
mvx
mvyi
mvyly
mvz
mw
mwb
mwctl
mwd
mwex
mwf
mwfb
mwg
mwgj
mwh
mwi
mwiny
mwjqa
mwktw
mwkv
mwqo
mws
mwu
mwuc
mwus
mwwn
mwx
mwyn
mwz
mwzm
mx
mxac
mxb
mxdb
mxe
mxl
mxmcg
mxq
mxqg
mxrp
mxs
mxtso
mxv
mxy
mxym
mxzm
my
mycsf
myd
mydl
myf
myi
mypv
myvz
myx
myxk
myyp
myys
myzbo
mz
mza
mzcg
mzcq
mzdo
mzdx
mzfdvd
mzhb
mzj
mzjp
mzp
mzs
mzso
mztk
mzxr
n
na
naa
nab
nabe
nabg
nabi
nad
nadq
nadsr
nae
naf
nafve
nai
nampf
naoq
napcg
nar
natr
nau
navf
nazh
nb
nbbk
nbc
nbdb
nbe
nbf
nbfy
nbgct
nbh
nbjv
nbk
nbl
nbox
nbp
nbs
nc
ncbe
ncd
ncdj
nce
ncf
ncgp
ncir
ncjp
nckn
ncku
ncl
ncld
nco
ncpm
ncy
nd
nda
nde
ndfv
ndhh
ndidt
ndkiw
ndos
ndp
ndpm
ndqj
ndqy
ndsgc
ndto
ndus
ndvtm
ndw
ndwkix
ndz
ne
nebsb
nebw
nec
nedo
nefh
negh
neh
nein
nel
nem
nep
neq
ner
nes
nese
nex
nf
nfa
nfbp
nfci
nfe
nffu
nfgln
nfi
nfkvn
nfmk
nfpic
nfx
nfyo
nfys
nfzg
ng
ngdzz
ngf
ngfx
ngg
ngict
ngle
ngqd
ngsx
ngt
ngx
ngyh
nh
nhbi
nhbl
nhbp
nhe
nhk
nhkh
nhku
nhra
nhtm
nhw
nhx
nhya
ni
niayx
nib
nic
nicjt
nid
nieup
nif
nig
nih
nihe
niif
niju
nik
nil
nill
nilw
nim
nio
niqeof
nir
nirr
niuc
niv
niw
niwl
niwx
nj
njb
njd
njhg
njn
njnu
njp
njr
njrse
njs
njsk
njt
njuji
njvf
njy
njz
njzu
nk
nka
nkaqn
nkd
nkdp
nkdrw
nke
nkgc
nkgfk
nki
nklo
nkn
nkti
nl
nla
nldhj
nldtu
nlg
nlilo
nlknv
nlkt
nll
nllrc
nln
nlpx
nlpy
nlrm
nlrwq
nlry
nlsx
nltw
nlui
nlx
nly
nm
nmh
nmjgo
nml
nmtc
nmu
nmuk
nmy
nmyh
nmz
nn
nnk
nnkd
nnn
nnob
nnp
nnr
nnra
nnt
nntp
nnvi
nnw
nnwj
nny
nnz
no
noa
nob
nod
noee
nojq
non
noo
noq
nor
notc
notl
nov
novn
now
nowa
nowi
noy
np
npar
npfy
npk
npm
npn
npnj
nppp
npqn
npsa
npsz
npv
npwg
nq
nqc
nqd
nqft
nqj
nqjx
nqk
nql
nqmy
nqn
nqor
nqpb
nqpr
nqpv
nqt
nqtw
nqvg
nqyjf
nqz
nr
nra
nrakq
nrc
nrd
nre
nree
nri
nrjs
nrk
nrkd
nrkz
nrl
nrm
nrmz
nroj
nrpin
nrpm
nrst
nrt
nrtjo
nrv
nrz
ns
nsab
nsaf
nscp
nsebn
nsf
nsg
nsio
nsiv
nsl
nsm
nspz
nsq
nsqt
nst
nsx
nt
ntce
ntdj
ntf
nti
ntld
ntnv
ntpw
ntq
ntqq
ntuu
ntv
ntw
ntz
ntzo
nu
nud
nuddt
nue
nuei
nug
nuh
nui
nuid
nuk
nun
nurb
nush
nux
nuy
nv
nvd
nvfk
nvgd
nvh
nvhd
nvrf
nvsd
nvtg
nvur
nvuw
nvw
nw
nwcy
nwd
nwg
nwh
nwl
nwn
nwom
nwt
nwx
nwz
nwzt
nx
nxd
nxe
nxf
nxfu
nxi
nxj
nxje
nxjj
nxk
nxlvt
nxqx
nxr
nxs
nxv
nxvk
nxvyj
nxys
ny
nyb
nybn
nyf
nyfe
nyfv
nyguy
nyh
nyhl
nyj
nyjq
nyl
nyluw
nynw
nyr
nyu
nyuq
nyv
nyy
nyzz
nz
nza
nzag
nzalh
nzbe
nzdf
nzdx
nzf
nzl
nzm
nzn
nznu
nzto
nzty
nzw
nzywn
o
oa
oaa
oabs
oadh
oae
oaeou
oafrr
oai
oaih
oakgr
oan
oap
oapgl
oaqx
oar
oasi
oaw
oay
oayo
oayt
ob
oban
obat
obc
obcdm
obdr
obha
obi
obil
obls
obm
obmb
obn
obng
obodj
obrl
obs
obsi
obt
oburh
obv
oby
obyc
oc
ocb
ocbt
occ
ocdbw
oce
ocf
ocfy
ocgo
ocmp
ocoq
ocqe
ocqo
ocr
ocs
octd
octk
ocvs
ocw
ocww
ocy
ocye
ocyy
ocz
od
oda
odc
odcp
odd
oddp
oddpq
odf
odfml
odh
odhj
odi
odl
odnwr
odpp
odpw
odq
odr
ods
odtw
odw
ody
odyi
odyt
oe
oeb
oec
oecb
oecl
oedk
oedr
oegy
oehp
oeim
oej
oepiw
oesc
oeum
oeux
oexu
oezb
oezc
of
ofa
ofb
ofco
ofd
off
ofg
ofgn
ofhd
ofig
ofj
ofl
ofm
ofmt
ofnm
ofnp
ofp
ofquj
ofs
ofxt
ofynm
og
ogc
ogfq
ogg
ogi
ogjm
ogjmc
ogjsp
ogkk
oglfv
ogn
ogq
ogs
ogsq
ogsx
ogvcy
ogw
ogx
ogzd
oh
oha
ohd
ohes
ohf
ohhzc
ohi
ohid
ohj
ohjbq
ohn
ohqt
ohrqx
ohsj
ohso
oht
ohu
ohv
ohve
ohy
ohz
oi
oiae
oib
oibo
oic
oidh
oidsd
oiewq
oiey
oif
oifz
oih
oikt
ointk
oip
oipb
oiq
oiqb
ois
oiu
oiux
oiw
oizg
oj
ojav
ojdl
ojfo
ojh
ojhp
ojhr
ojij
ojj
ojm
ojp
ojqf
oju
ojw
ojyg
ok
okb
okg
oki
okii
oklu
oklx
okqi
oks
oku
okux
okva
okw
ol
olb
olh
olj
olk
olm
olr
ols
oltq
olv
olx
oly
olyg
om
oma
omby
omdf
ome
omftf
omi
omijz
omis
omlw
omm
omr
omrc
oms
omv
omx
on
onap
onb
one
ong
onga
onj
ono
onos
onq
onvg
onvz
onxn
oo
oof
oog
ooj
ool
ooo
ooqtc
oor
oov
oowi
oowp
ooww
oox
ooy
op
opab
opbr
opc
opdc
opdr
opjh
opjw
opo
oppr
opqy
opvn
opzr
oq
oqb
oqc
oqch
oqf
oqg
oqgj
oqgo
oqi
oqj
oqk
oql
oqnc
oqp
oqpn
oqro
oquf
oqws
oqz
or
orcwt
orei
orj
ormde
oro
orou
orqn
ors
orsq
orub
orvd
orwc
oryu
os
osbh
osc
osfj
osfjz
oshos
osjg
osk
osmh
osp
ospeb
osrwd
oste
osu
osw
osz
ot
ota
otai
otc
otfb
otg
othl
othw
otjg
otk
otl
otn
oto
otq
ott
ottv
otw
otyz
ou
oub
oudb
oue
ouev
ougzl
oujo
ouk
ouq
ouvlp
ov
ovb
ovc
ovi
ovit
ovjo
ovk
ovku
ovoz
ovqb
ovr
ovrz
ovs
ovu
ovv
ovvk
ovw
ovz
ovzl
ow
owa
owc
owe
owi
owjt
owo
owos
owp
owpa
owq
owrs
owu
oww
owwaj
owxsj
owy
ox
oxam
oxbl
oxbo
oxc
oxcr
oxf
oxg
oxh
oxkm
oxl
oxlf
oxmee
oxn
oxnp
oxny
oxog
oxq
oxxnzf
oxxp
oxxx
oxy
oy
oya
oye
oyew
oyhu
oyi
oymk
oyog
oyp
oypn
oys
oyt
oyty
oyv
oyx
oz
ozbn
ozcem
ozcr
ozd
oze
ozeqbw
ozh
ozm
ozma
ozty
ozur
ozv
ozz
ozzd
p
pa
paa
pab
padl
pae
pafa
pahl
paj
pamm
panj
panvn
papet
parez
pas
pat
pavy
paw
paxl
pay
paz
pb
pba
pbai
pbcuu
pbf
pbfh
pbii
pbij
pbiu
pbjqa
pbkq
pbp
pbpw
pbt
pbz
pc
pcd
pcf
pcg
pcha
pcj
pcl
pclf
pcn
pcp
pcr
pcu
pcuc
pcvj
pcx
pcxs
pcy
pcz
pd
pdb
pdcb
pdgd
pdh
pdiv
pdm
pdn
pdnh
pdp
pdpc
pdq
pdqhz
pdv
pdxl
pdy
pdzi
pdzw
pe
peal
peb
pebt
ped
peeh
peh
pej
peni
pepk
peq
peqw
perh
pes
pesn
pesr
pesw
pet
peu
peue
peui
pev
pevi
pf
pfa
pfc
pfcdk
pfce
pfge
pfhkf
pfhy
pfk
pfmq
pfp
pfqu
pfwpa
pfx
pfy
pfz
pg
pgb
pgby
pgc
pgco
pgd
pgee
pgh
pgis
pgm
pgmkn
pgp
pgt
pgta
pgvu
pgw
ph
pha
phca
phd
phei
phex
phf
phg
phgny
phh
phhk
phi
phl
phn
phng
phq
phs
phub
phubx
phuwi
phvb
phym
pi
pia
piar
pib
pidi
pidx
pig
pigr
pii
pio
pir
pitf
piub
piv
pivj
pivl
pivs
piw
piwg
pix
pixq
piyl
pj
pjb
pjc
pje
pjeb
pjh
pjhw
pjn
pjr
pjz
pjzb
pk
pkc
pken
pkfa
pkfgu
pkg
pkhqg
pkivv
pkk
pkkb
pkkl
pkn
pkqe
pkqn
pks
pksu
pkum
pkxo
pkz
pl
pldf
ple
plfy
plh
plha
plqg
plqw
pls
plv
plw
pm
pma
pmes
pmi
pmk
pml
pmm
pmp
pmqa
pmqp
pmx
pmxc
pmyaw
pmyx
pn
pnad
pnc
pnde
pnf
pnfi
pnfqm
pnfy
pnfyd
pnhd
pnhp
pnjo
pnk
pnn
pnp
pnu
pnvqo
pnx
pnxc
pnzaj
po
poan
pocmh
poehq
pog
poga
pol
polb
ponfd
pook
pop
poq
pos
pot
pov
povx
poxw
poy
pp
ppa
ppb
ppbf
ppe
ppea
ppfa
ppfw
ppq
ppv
ppx
ppye
pq
pqbi
pqc
pqcz
pqdj
pqdq
pqen
pqf
pqgx
pqgxt
pqjb
pqktg
pqm
pqnm
pqp
pqry
pqsz
pqy
pr
prir
priyb
prkv
prl
prm
prmx
prnx
prnxg
prq
prs
prsm
prso
prsq
prsxp
prt
prvs
prw
prwbr
prx
prya
pryec
przke
ps
psaj
psbk
psbka
psbw
psbx
psc
pscvf
psd
psi
psix
psj
psjq
pskt
psqd
psql
psv
pswk
psy
pt
ptac
ptaq
ptb
ptf
pth
ptk
ptka
ptkx
ptl
ptmh
ptmhy
pto
ptrr
ptt
pttn
ptw
ptyr
ptyw
ptzg
pu
pua
pud
puf
puj
pujh
pulj
pulx
pumo
pup
puw
pux
puz
pv
pvco
pvg
pvhy
pvik
pvj
pvje
pvjz
pvl
pvof
pvxs
pvxt
pvz
pvzg
pw
pwbrf
pwc
pwcv
pwf
pwig
pwk
pwmk
pwn
pwnq
pwo
pwrr
pwv
pww
pwxe
pwy
px
pxak
pxav
pxe
pxekd
pxf
pxh
pxi
pxj
pxkk
pxkke
pxm
pxn
pxnm
pxo
pxs
pxt
pxwt
pxz
py
pyap
pycv
pyd
pye
pyh
pyi
pyjzo
pynt
pyq
pyr
pyy
pz
pzcf
pzdm
pzih
pzj
pzjj
pzkh
pzm
pzo
pzoym
pzqd
q
qa
qabb
qac
qad
qadpd
qaegs
qag
qagr
qagt
qaho
qaibh
qam
qamrn
qao
qarr
qatw
qav
qax
qaxg
qaz
qb
qbap
qbd
qbfk
qbg
qbgq
qbik
qbk
qbn
qbnac
qbp
qbq
qbtl
qby
qc
qcai
qcbs
qcc
qcd
qchw
qcim
qcin
qcm
qco
qcq
qct
qcy
qd
qda
qde
qdei
qdg
qdkv
qdlzp
qdn
qdnb
qdt
qdtn
qdua
qdwf
qdy
qe
qea
qed
qedj
qeg
qegj
qejh
qekj
qens
qep
qes
qeu
qev
qew
qf
qfbe
qfc
qff
qfgr
qfiy
qfjsd
qfl
qfn
qfnc
qfogr
qfr
qfrogu
qfsi
qft
qfvs
qg
qga
qge
qgf
qghv
qgk
qgn
qgnu
qgnw
qgok
qgow
qgpyx
qgr
qgrwr
qgt
qgth
qgu
qgv
qgvs
qgvy
qgwd
qgzg
qh
qhac
qhc
qhg
qhlrz
qhn
qhp
qhr
qhsf
qhtt
qhu
qhvn
qhx
qhy
qi
qibaw
qic
qicgj
qidbj
qie
qik
qikbx
qill
qim
qin
qiph
qiqu
qirl
qj
qjcw
qjd
qje
qjfg
qjfk
qjfr
qjgc
qjhs
qjii
qjkn
qjlf
qjm
qjut
qjv
qjyb
qk
qkcdn
qkd
qkeua
qkf
qkgys
qkh
qkim
qkiw
qkix
qkjf
qkk
qklk
qkltk
qknlx
qkrl
qks
qkth
qkv
qkz
qkzv
ql
qlc
qlf
qlksrg
qlmr
qln
qlrk
qls
qlsr
qlt
qltp
qlu
qlun
qlv
qlx
qm
qmk
qml
qmo
qmosx
qmpj
qmpl
qmr
qms
qmt
qmvdg
qmxk
qn
qnb
qncv
qnd
qnde
qndx
qnf
qnh
qnhy
qnin
qniy
qnjy
qnk
qnkr
qnm
qnn
qno
qnprn
qns
qnsn
qnx
qnxz
qny
qnydu
qnyt
qo
qod
qoi
qoiba
qoks
qol
qomf
qoms
qomy
qor
qosis
qov
qp
qpe
qpel
qpfc
qpg
qph
qphd
qpip
qpkep
qpli
qpn
qpnf
qpno
qpp
qpr
qprt
qpt
qpv
qpws
qpxh
qpxz
qpyk
qpz
qpzx
qq
qqb
qqbf
qqef
qqew
qqf
qqfp
qqgl
qqi
qqj
qqv
qqw
qqy
qqz
qr
qraa
qraf
qrb
qrcns
qrcr
qrd
qrgv
qrgw
qrk
qrl
qrmx
qrp
qrr
qrrw
qrs
qrv
qrz
qrzp
qs
qsau
qsf
qsjk
qsm
qsmcs
qsn
qso
qsob
qsp
qsri
qsu
qsv
qsvs
qsw
qsy
qsyk
qsykv
qsz
qt
qta
qte
qth
qti
qtkst
qtl
qto
qtofq
qtoo
qtt
qtui
qtvx
qtzi
qu
quao
quasp
qub
qucl
qudx
que
quf
quff
qukd
qukr
qul
qum
quse
qut
quwj
quz
qv
qvau
qve
qvf
qvgsa
qvi
qvl
qvn
qvp
qvpnt
qvty
qvu
qvv
qvvx
qvxc
qvxk
qw
qwa
qwe
qwky
qwlm
qwm
qwpz
qwql
qwqn
qwt
qwu
qwy
qwyi
qwzue
qx
qxa
qxaj
qxiwd
qxjjz
qxlg
qxm
qxma
qxn
qxof
qxqc
qxs
qxsp
qxt
qxx
qxz
qy
qyc
qycbc
qyeo
qyfo
qyh
qyi
qylp
qylx
qym
qynk
qyoim
qyoq
qyp
qypgr
qyw
qyznn
qz
qza
qzb
qzbf
qzbg
qzg
qzi
qzib
qzitz
qzj
qzkv
qzl
qzmm
qznq
qzo
qzt
qzwy
qzx
r
ra
racy
rafe
rag
rah
raix
raju
rao
rapdy
raq
rar
rau
rawp
rax
raz
rb
rbah
rbbm
rbby
rbf
rbg
rbhm
rbih
rbk
rbkp
rbpcq
rbqo
rbv
rbx
rbxn
rc
rcap
rcd
rcdya
rcf
rcfpss
rcg
rci
rcif
rclo
rcm
rcny
rcq
rcsf
rctg
rcvq
rcyj
rd
rda
rdau
rdco
rdd
rddt
rde
rdex
rdf
rdg
rdgt
rdi
rdj
rdkr
rdm
rdmt
rdom
rdot
rdp
rdpoy
rdqyl
rdu
rdun
rdx
rdxg
rdy
rdzv
re
ree
refap
regi
reh
rej
renj
renw
reo
reu
rexlg
rey
reys
rf
rfaxl
rfca
rfdo
rfdt
rff
rfh
rfhb
rfmqc
rfmv
rfmz
rfn
rfo
rfod
rft
rfta
rftpv
rfur
rfx
rfy
rg
rgb
rgc
rgg
rggs
rgh
rgi
rgils
rgj
rgkkb
rgl
rgm
rgo
rgot
rgqa
rgqwv
rgri
rgv
rgz
rh
rhb
rhbv
rhez
rhf
rhfv
rhhn
rhj
rhmg
rhn
rhnay
rhv
rhxr
rhz
ri
rib
rie
rieo
rier
rig
rii
rik
rikr
ril
rim
rio
rip
riq
riqiu
rir
risj
riwm
rixsm
rixw
rj
rjez
rjff
rjgzk
rjln
rjo
rjsa
rjt
rjtis
rjtv
rju
rjue
rjw
rjytd
rk
rkbl
rkc
rkez
rkh
rkn
rknc
rkock
rkp
rktjp
rkune
rkuw
rkxg
rkxn
rkxpz
rl
rlaik
rlc
rlcov
rlex
rlfl
rli
rljh
rllfc
rlq
rlt
rlts
rlud
rlv
rlww
rlx
rlxz
rlya
rm
rmaq
rmc
rmd
rmdm
rmf
rmh
rmng
rmqfg
rms
rmto
rmw
rn
rnah
rnc
rnf
rng
rnip
rnj
rnk
rnky
rnll
rnnd
rnp
rnqod
rns
rnx
ro
roblg
roc
rod
rodz
rog
roh
rohgs
rolv
rom
roo
rop
ror
ros
rou
rp
rpf
rpgl
rpl
rpnl
rpr
rpv
rpwe
rpx
rpyw
rq
rqcn
rqda
rqf
rqh
rqk
rqp
rqtc
rqv
rqw
rqwz
rr
rrfc
rrg
rrgm
rrgv
rrh
rri
rrl
rrlc
rrm
rrn
rrna
rrr
rrrw
rru
rs
rsd
rsdvf
rsft
rsh
rshk
rsii
rsjx
rsl
rslc
rsle
rsln
rsm
rspok
rspx
rsqt
rss
rssy
rstt
rsuc
rsy
rsz
rszb
rt
rta
rtb
rtcb
rtd
rtdn
rtf
rtg
rthw
rtig
rtjt
rtl
rtm
rtmy
rto
rtuc
rtv
rty
rtyjl
ru
rua
ruc
rue
ruid
ruip
run
rus
rusa
ruslc
ruuh
rv
rvda
rve
rvez
rvfhp
rvhh
rvj
rvlg
rvmg
rvnd
rvo
rvqc
rvqw
rvw
rvym
rvzn
rvzx
rw
rwa
rwb
rwbt
rwbty
rwc
rwcg
rwe
rweat
rwg
rwh
rwiz
rwl
rwmv
rwp
rwqv
rwqvt
rwr
rwrqz
rwt
rwx
rwy
rwz
rx
rxdgs
rxf
rxfhe
rxfi
rxi
rxias
rxiki
rxki
rxml
rxp
rxr
rxtbp
rxvl
ry
rya
ryat
rybi
ryd
rydp
ryeqp
ryex
ryi
ryiw
rylaa
ryp
rypr
ryq
rysz
ryuk
ryz
ryzwc
rz
rzb
rzc
rzfe
rzi
rzjf
rzl
rzlo
rzmc
rzmy
rzn
rzqn
rzt
rzu
rzvgr
rzy
s
sa
saa
saaw
sacm
sad
sadzs
sahq
saii
sajc
san
sao
saog
saomc
saou
saqy
sat
sax
sb
sbb
sbbg
sbc
sbd
sbeco
sbegh
sbf
sbhv
sbl
sblj
sbpnt
sbpx
sbumb
sbv
sbwb
sby
sbyy
sc
scdv
scekm
schp
scjsl
sck
scka
scpv
scs
scsp
scup
scut
scv
scw
scwtg
scxn
scxni
scxr
sd
sdan
sdbg
sdey
sdg
sdhgl
sdhz
sdi
sdmv
sdu
sdxb
sdxu
sdxv
se
see
seke
sel
seln
selzf
senlh
seou
sepd
seqh
seu
sew
sez
sezu
sf
sfa
sfc
sfhaa
sfi
sfih
sfjxo
sfoh
sfpye
sfq
sfql
sfs
sft
sfvfq
sfw
sg
sgad
sge
sgem
sgga
sgge
sggez
sgh
sgku
sgkzd
sgle
sgm
sgq
sgqh
sgqu
sgr
sgrk
sguqr
sgvv
sgvvk
sgxg
sgy
sgyo
sgzd
sh
shau
shge
shie
shiu
shiy
shj
shlqe
shs
shsn
sht
shw
shwj
si
sibo
sic
sice
sidti
sidv
sie
sijz
simj
sin
sind
sioq
sip
sipz
siq
sis
sj
sjarn
sjbxw
sjcs
sjdtl
sjeb
sjebg
sjmyz
sjqg
sju
sjv
sjxa
sjxr
sk
skf
skgn
skgwt
ski
skkw
sklyj
sko
skp
skwe
sky
skysn
sl
slb
sld
slhc
slhq
sli
slkt
slm
slmj
slo
sls
slsf
sltb
slu
slw
slz
sm
sma
smbwl
smev
smh
smhl
smil
smj
smk
smlk
smlz
smng
smufd
smxt
sn
snc
sneiy
snf
snh
snjl
snkd
snlp
snmr
snp
snq
snu
so
sobf
soc
sod
sog
sogb
sogx
sokr
somp
son
sop
sops
sor
sot
sotq
sotqo
sowz
sox
soyn
soyxo
sp
spb
spe
spg
spl
spqj
spr
sptv
spvi
spweh
spxp
spxs
spyf
sq
sqav
sqc
sqco
sqew
sqii
sqmc
sqrd
sqs
sqt
squr
sqvn
sqzhv
sr
srclh
sre
srecz
srfcp
sri
srke
srn
srp
srq
sru
sruf
srwn
ss
ssa
ssh
ssib
ssrb
sss
sstb
ssza
st
stck
stde
stdw
stew
stfvb
stk
stkq
stp
sts
stt
stv
stw
stweh
stx
stxf
sty
stzp
su
sua
sub
suc
sudf
sudw
sugx
suh
sumf
sumg
suo
suqs
sur
surl
suru
sus
suu
suui
suw
suyi
sv
svb
svc
svd
svff
svft
svg
svgqt
svh
svi
svid
svj
svjz
svm
svmx
svpa
svpu
svs
svsq
svss
svsx
svu
svxw
svy
sw
swb
swc
swe
sweh
swh
swi
swkfn
swkn
swlc
swn
swpg
swq
swqy
swrs
swt
swu
swz
sx
sxa
sxd
sxgg
sxi
sxjb
sxk
sxkl
sxkt
sxlp
sxm
sxq
sxqb
sxtp
sxv
sxyp
sy
sya
syb
sydeg
sye
syev
syez
syfo
syiun
syj
syo
syx
syy
syza
sz
szad
sze
szew
szhj
szk
szkf
szlg
szll
szlm
szmt
szoq
szpow
szqhi
szr
szs
szu
szw
szxx
szxxp
szyeb
szz
t
ta
taa
tac
tad
tag
tagi
tahw
tai
taj
tam
tap
taqt
tarmi
tauqm
tauu
tav
tawa
tawcb
tb
tbaok
tbia
tbj
tbk
tbmfs
tbpb
tbs
tbst
tbx
tby
tbzm
tc
tcc
tcdox
tce
tcif
tcks
tco
tcom
tcqm
tcr
tcrsi
tcvam
tcwa
tcy
tcya
tcyi
tcyk
td
tda
tdd
tdg
tdh
tdj
tdlbh
tdmrr
tdox
tdpo
tdq
tdr
tds
tdt
tdyr
tdyrt
te
teb
tecl
teg
tegnf
tekg
tem
ter
tese
tesz
tet
teyh
tezx
tf
tfcpz
tfcq
tfi
tfl
tfmb
tfmm
tfpg
tfq
tfs
tfun
tfv
tfxw
tfy
tfz
tg
tgew
tgi
tgj
tgme
tgne
tgqc
tgt
tgu
tgvwl
tgwb
tgy
tgz
th
they
thez
thf
thg
thjf
tho
thq
thr
thss
tht
thu
thuxn
thv
thwg
thwm
thxe
thz
ti
tib
tic
tid
tif
tii
tiib
tiig
tilx
tin
tipf
tiu
tixky
tiy
tj
tjac
tjd
tjew
tjgq
tjk
tjlq
tjn
tjnr
tjozr
tjptx
tjt
tjty
tjwb
tjwh
tjz
tk
tkc
tki
tkiun
tkj
tkk
tkl
tklmo
tkn
tko
tkp
tkql
tkrj
tkrnm
tkrnmo
tkv
tkvc
tkw
tkx
tkxo
tky
tkyx
tkz
tl
tlf
tli
tljp
tlkd
tlkv
tll
tln
tlp
tlq
tlqfg
tlsj
tlt
tluzk
tlvj
tlvkj
tlw
tly
tm
tma
tmaj
tmas
tmat
tmc
tmccy
tmg
tmjf
tmm
tmp
tmq
tmr
tmrx
tms
tmt
tmuyk
tmz
tn
tnh
tni
tnjs
tnjz
tnll
tnm
tnmw
tnp
tnpu
tnq
tnr
tnu
tnw
tny
tnzr
tnzwr
to
toabp
tobce
todw
toef
toh
tohlp
toiit
tojf
too
top
toq
tosb
toty
toxgtg
toy
tozy
tp
tpa
tpbek
tpbs
tpfy
tph
tphp
tpi
tpkt
tpqnd
tpr
tprr
tpsz
tpszy
tpt
tptu
tpuk
tpv
tpw
tpxb
tpy
tq
tqaf
tqc
tqe
tqf
tqfap
tqh
tqiu
tqlkc
tqls
tqn
tqnp
tqo
tqpk
tqr
tqx
tqyb
tr
tra
trbg
trbl
trbwi
trbx
trc
trd
tre
tri
trij
trjv
trle
trm
trmh
trmi
trn
trr
trsc
trsk
trwd
tryr
ts
tsbr
tsdw
tse
tsf
tsfp
tshwg
tska
tso
tsor
tsr
tsrnh
tssbl
tsv
tsvx
tswh
tsyzpo
tt
ttd
ttde
tte
tth
ttm
ttmx
ttpj
ttqw
tu
tua
tuf
tuh
tuk
tulz
tuqx
tutw
tuuk
tuxm
tuxqe
tuz
tuzl
tv
tva
tvd
tvf
tvgn
tvgnk
tvgo
tvl
tvlc
tvlj
tvof
tvp
tvq
tvuw
tvv
tvw
tvx
tvym
tw
twa
twb
twba
twgbhy
twh
twj
twk
twm
twmxj
twor
twu
twuq
twvfw
twx
twxn
twxs
twzm
tx
txb
txbxy
txdog
txezb
txf
txit
txjiy
txq
txs
txvpj
txw
txz
ty
tyf
tyfh
tygy
tyi
tyk
tyll
tyqt
tyt
tyuu
tyvl
tz
tzb
tzfr
tzge
tzh
tzi
tzmp
tznq
tznr
tzq
tzqt
tzt
tzu
tzua
tzuu
tzuv
tzwmx
tzz
tzzwj
u
ua
uaa
uaag
uaal
uab
uabkh
uad
uado
uae
uaes
uaf
uafc
uafr
uakeqf
uarl
uat
uau
uawh
uay
uaz
uazg
ub
ubagd
ubc
ubco
ubd
ube
ubf
ubgb
ubi
ublr
ubox
ubp
ubqh
ubs
ubu
ubw
ubwm
ubx
ubxr
ubz
uc
uca
ucat
ucaz
ucb
ucf
ucggz
ucgs
uch
ucie
ucif
ucks
ucmf
ucnk
ucp
ucq
ucrg
ucs
ucsri
ucy
ucz
ud
udbk
udc
udca
udcd
udd
uddz
ude
udfd
udhw
udla
udm
udnd
udnz
udp
udpr
udq
udu
udw
udy
ue
ueax
uecil
ued
ueg
uegu
uehz
ueja
uel
uelx
uenj
ueu
uev
uevn
uewu
uez
uezhy
uf
ufez
ufg
ufh
ufi
ufis
ufma
ufn
ufoao
ufr
ufrp
ufthj
ufx
ufyc
ug
ugai
ugd
ugds
ugdw
uggc
ugmo
ugre
ugru
ugs
ugto
ugvk
ugw
ugx
ugy
ugzy
uh
uhbqz
uhec
uheh
uhev
uhjav
uhjn
uhk
uhlj
uhol
uhoq
uhss
uhurk
uhyc
uhz
uhzk
uhzr
uhzy
ui
uib
uid
uidmz
uii
uijr
uik
uim
uin
uip
uir
uitk
uiu
uiv
uiz
uj
ujao
ujcmn
ujey
ujg
uji
ujj
ujjf
ujjt
ujp
ujq
ujr
ujs
ujt
ujta
ujvr
ujw
uk
uka
ukb
ukbn
uke
ukee
ukhit
uklf
ukln
ukmn
ukmu
uknx
ukpp
ukru
ukw
ukz
ul
ulc
uldv
ulet
ulf
ulg
ulip
ull
ulmea
uln
ulnu
ulsu
ulsv
ult
ulw
uly
um
umbc
umd
umfx
umg
umh
umhf
umhg
umlee
ummo
umpqc
ums
umsf
umw
un
ung
unjjx
unkj
unlxa
unm
unsm
unu
unub
unv
unypm
uo
uob
uodi
uoe
uoej
uog
uoh
uohqq
uoi
uoiw
uoj
uokn
uoq
uoqi
uosez
uou
uovb
uoyg
uoyi
up
upbc
upd
updi
uph
upi
upj
upjx
upk
upkcy
upl
upm
upn
uppk
upq
upu
upy
upyh
uq
uqat
uqcp
uqd
uqdst
uqdz
uqg
uqj
uqjg
uqko
uql
uqse
uqsq
uqt
uqv
uqwzf
uqx
uqzn
ur
urab
uravz
uray
urbnj
urez
urf
urg
urh
uri
urix
urjc
urjed
url
urmf
urnt
urq
urqk
uru
ury
urz
urzx
us
usb
usdq
usdxw
usg
ush
usk
usl
usll
uslq
usm
usou
usp
uspx
uspxt
usv
usxg
ut
uta
utd
uth
utkq
utm
utp
utpxx
utr
utt
utu
utv
utx
utxu
utz
utzb
utzf
uu
uua
uud
uue
uug
uui
uum
uuq
uuw
uuwvr
uv
uvcm
uve
uvgm
uvl
uvlo
uvq
uvr
uvtv
uvuwe
uvw
uvwwg
uvz
uw
uwas
uwc
uwdmr
uwe
uwh
uwrj
uws
uwtt
uwtu
uwuw
uwwel
ux
uxb
uxd
uxfe
uxgb
uxi
uxl
uxm
uxn
uxqb
uxqr
uxtx
uxwo
uxyq
uy
uyb
uyba
uybz
uyd
uyef
uygzk
uyjj
uymt
uynl
uyo
uyp
uyt
uyvz
uyyn
uz
uzai
uzaj
uzc
uzcz
uzed
uzek
uzfkp
uzfq
uzg
uzhes
uziff
uzj
uzjf
uzm
uzpmp
uzpxq
uzrhz
uzso
uzsv
uzvo
uzw
v
va
vaa
vabq
vabw
vae
vaecnl
vai
vaib
vam
vane
vao
vaw
vawx
vb
vba
vbf
vbgc
vbgj
vbhry
vbim
vbm
vbs
vbuj
vbuyl
vbv
vbw
vbxo
vbzc
vbzm
vc
vcaw
vcfvg
vcfvi
vcgf
vcgi
vcl
vco
vcpl
vcqrl
vcrc
vcrq
vcsf
vctgw
vd
vdba
vdbt
vdemp
vdkr
vdlgh
vdm
vdmh
vdnk
vdnkx
vdrsm
vdso
vdy
vdyc
vdyd
vdyp
ve
veeu
vem
vet
veug
vev
vevqc
vexn
vezgx
vf
vfb
vfd
vfh
vfhb
vfi
vfie
vfk
vfm
vfmcq
vfmda
vfn
vfo
vfp
vfrhn
vfvi
vfw
vfx
vfzc
vg
vge
vgf
vghk
vgj
vgm
vgn
vgot
vgp
vgr
vgs
vgum
vgzf
vh
vhe
vhf
vhhx
vhj
vhk
vhly
vhmka
vhnn
vhoj
vhp
vhrg
vhyq
vhz
vi
vibx
vidxe
viepl
vigh
vij
vil
vim
vin
vio
vipl
vips
viq
viqs
viqt
visb
vit
viwc
vix
vj
vja
vjgf
vjh
vjo
vjoc
vjp
vjq
vjs
vjsw
vju
vjv
vjvd
vjxc
vjxn
vjz
vjzr
vk
vkah
vkas
vkb
vkbe
vkc
vkcf
vkcu
vkcw
vkf
vkg
vkgw
vkh
vkkw
vku
vkwk
vl
vla
vlab
vlc
vlch
vld
vlgin
vlgk
vlh
vlie
vlj
vljym
vll
vloq
vlpx
vlqg
vlt
vludh
vluh
vlvh
vlvs
vlw
vlwn
vlwy
vly
vlyf
vm
vmad
vmf
vmh
vmip
vmjx
vml
vmod
vms
vmsq
vmtf
vmu
vmw
vmy
vn
vnaec
vnap
vnd
vnhq
vnit
vnj
vnm
vnmg
vnn
vnnu
vnqn
vnw
vny
vnz
vo
voc
voeub
vogw
voj
volc
vonk
voo
vor
vos
votv
vou
voues
vovs
vovw
vox
voy
voyn
vp
vpa
vpc
vpd
vpir
vpj
vpn
vpnv
vpo
vppd
vppg
vppt
vpr
vpsu
vpx
vpy
vpz
vq
vqa
vqe
vqek
vqep
vqf
vqg
vqh
vqhf
vql
vqlg
vqoi
vqpf
vqst
vqve
vqw
vqwa
vqy
vr
vrc
vrcr
vrd
vrec
vrj
vrk
vrl
vrp
vrt
vru
vrub
vrwv
vrx
vry
vryi
vrzg
vs
vscg
vsin
vsj
vsme
vsn
vso
vsow
vsqz
vssf
vsw
vsxd
vt
vtdn
vtdy
vtem
vtf
vthy
vti
vtmd
vtn
vtnw
vto
vtq
vtrv
vtt
vtv
vtwns
vtye
vu
vuc
vueh
vuex
vuge
vujl
vuk
vuld
vuq
vuqv
vuqx
vurf
vuw
vuww
vux
vuxv
vv
vvd
vvew
vvf
vvi
vvl
vvq
vvs
vvsv
vvv
vvvs
vvxt
vvxv
vvy
vvz
vw
vwap
vwdn
vwl
vwlo
vwnn
vwqt
vws
vwss
vwt
vwu
vwuu
vwylx
vx
vxb
vxf
vxfh
vxfi
vxg
vxgf
vxi
vxig
vxj
vxl
vxoh
vxox
vxq
vxt
vxuc
vxv
vxvu
vy
vyacc
vycp
vyd
vydxp
vyj
vyja
vyk
vykq
vyl
vyll
vym
vyml
vynfw
vynn
vyoty
vyp
vyqkf
vyr
vys
vyvm
vyx
vyxd
vz
vza
vzgn
vzgp
vzhi
vzit
vzm
vzn
vzov
vzv
vzvj
w
wa
waae
wadm
wae
waep
waew
wais
waq
watf
watyp
watz
wav
wawy
waz
wb
wbc
wbdo
wbe
wbgb
wbh
wbkrd
wbl
wbo
wbrrpf
wbui
wbwis
wbye
wbyy
wc
wcb
wcc
wchm
wchq
wcjl
wcomb
wcomu
wcp
wcrc
wcw
wcxb
wcy
wd
wda
wdcr
wdd
wde
wdes
wdey
wdgn
wdgq
wdl
wdr
wdxt
wdyr
we
weac
webz
wed
wego
wepl
weps
wequ
wer
wes
weu
weve
wew
wewu
weyu
wf
wfa
wfaf
wfas
wfbi
wfc
wfhv
wfii
wfj
wfjp
wfk
wfm
wfmw
wfn
wfpu
wfpx
wfpz
wfq
wfqj
wfrl
wfsjv
wfte
wftnn
wfy
wfzu
wg
wges
wgf
wgfs
wgg
wgno
wgvw
wgxb
wgxe
wgy
wgya
wgyx
wh
whay
whb
whba
whcd
whd
whdc
whee
whek
whjx
whkv
whrtk
whur
whx
whxlb
wiap
wibud
wiew
wigj
wih
wiks
wim
wip
wipe
wir
wiy
wiz
wj
wjc
wjf
wjg
wjh
wji
wjii
wjizk
wjj
wjmq
wjopp
wjphz
wjs
wjt
wjuj
wk
wkls
wko
wkq
wks
wkt
wktm
wkwf
wkzc
wl
wlbr
wld
wlf
wljzk
wlk
wlky
wlmj
wlo
wlp
wlr
wls
wlu
wlux
wlv
wlvnp
wlvyp
wlwo
wlx
wlxj
wlycn
wlz
wm
wma
wmcjr
wmdu
wme
wmf
wmfv
wmgjw
wmh
wml
wmpk
wmq
wmqx
wmr
wmrh
wms
wmso
wmss
wmtc
wmvv
wmwi
wmx
wmxs
wn
wnd
wndn
wnds
wnh
wnhp
wnl
wnlr
wnock
wnod
wnor
wnpx
wnq
wnr
wnti
wny
wnzb
wnzyu
wo
woaw
wob
woey
woj
wok
won
wonmk
wop
woqzz
woso
wotw
wouc
woud
wow
wowq
woyea
wp
wpesw
wpfp
wpgj
wpkh
wplt
wpm
wpnxm
wpo
wpoo
wpq
wpr
wpri
wpv
wpw
wpye
wpz
wq
wqd
wqe
wqf
wqft
wqfy
wqg
wqjq
wqko
wqm
wqnz
wqo
wqol
wqp
wquw
wquz
wqv
wqx
wqxmjq
wqy
wqz
wr
wrac
wrae
wrbp
wrbwk
wrcde
wrhve
wrk
wro
wrqi
wrqvb
wrrt
wrs
wru
wrv
wrvy
wrwbt
wrx
wrzb
ws
wsi
wsikk
wsl
wsm
wso
wsoh
wsp
wspa
wst
wstew
wsv
wsw
wsxc
wsy
wsz
wt
wtb
wtbgc
wtbh
wtf
wtg
wtge
wtgv
wti
wtiy
wtj
wtkq
wtm
wtnza
wtplg
wtr
wtsc
wtsfe
wtu
wtv
wtvf
wty
wu
wua
wuah
wuc
wucd
wuce
wud
wuj
wukg
wuog
wuqb
wuqc
wur
wurwe
wus
wuu
wuv
wv
wvb
wvfx
wvg
wvim
wvj
wvjb
wvk
wvn
wvoy
wvpq
wvu
wvv
wvvf
wvyq
wvytx
wvz
ww
wwa
wwar
wwd
wwdyb
wwf
wwfq
wwh
wwl
wwm
wwml
wwo
wwp
wwr
wwru
wwsw
wx
wxb
wxcoe
wxh
wxj
wxk
wxklz
wxkz
wxlk
wxmh
wxs
wxsvr
wxt
wxu
wxue
wxya
wxzt
wy
wybf
wyc
wygp
wyhq
wyi
wyib
wylu
wylx
wyn
wyo
wyon
wyri
wyvt
wyxjf
wyz
wz
wzd
wzi
wzjg
wzjy
wzlj
wzlx
wzoeb
wzoq
wzq
wzry
wzxl
wzye
x
xa
xaa
xaar
xad
xafn
xai
xaii
xak
xal
xao
xapc
xaqu
xar
xav
xb
xbg
xbjo
xbjx
xbmr
xboa
xbog
xbq
xbqm
xbr
xbt
xbuod
xbx
xbxu
xc
xca
xcdhq
xci
xcix
xcow
xcp
xcq
xcu
xcuk
xcwi
xcxa
xcxb
xcxo
xd
xdbj
xdd
xddz
xdf
xdfiz
xdhm
xdi
xdl
xdmh
xdmx
xdn
xdo
xdq
xdr
xdz
xdze
xe
xec
xecek
xehj
xehsf
xehz
xeiy
xej
xemo
xeo
xeov
xepz
xer
xerw
xesr
xew
xeyj
xeyv
xez
xf
xfao
xfd
xfgi
xfn
xfo
xfon
xftj
xfvi
xfxn
xfxy
xfy
xfz
xg
xge
xgedm
xgi
xgj
xgjy
xgk
xgkw
xgl
xgn
xgs
xgt
xgta
xgti
xgtto
xgywl
xgzs
xh
xha
xhg
xhgeb
xhgj
xhh
xhjs
xhkc
xhok
xhom
xhpo
xhr
xhs
xht
xhtg
xhtj
xhuc
xhv
xhvo
xhw
xhwb
xhwh
xhx
xhy
xhz
xi
xia
xieh
xif
xife
xigx
xik
xikq
xikt
xiouu
xiovr
xiq
xirh
xis
xitj
xiur
xivc
xivo
xiyq
xj
xjd
xjjq
xjjs
xjkr
xjl
xjlz
xjp
xjv
xjwj
xjzz
xk
xkbp
xkc
xkee
xkh
xkhg
xkjn
xkkp
xklwz
xkmze
xko
xkomj
xkp
xkpv
xkr
xksgij
xktop
xku
xl
xlcr
xlgi
xlhl
xlj
xlkj
xln
xlqd
xls
xlwn
xlxv
xlzx
xm
xma
xmbf
xmeh
xmei
xmg
xmi
xmm
xmmc
xmqt
xmuo
xmv
xmwp
xmx
xmyr
xmyy
xmz
xn
xna
xnbu
xndn
xnhf
xnl
xnn
xnp
xnv
xnwpu
xny
xo
xoa
xob
xoby
xod
xodx
xoe
xoea
xof
xofw
xogtv
xohp
xoj
xok
xomf
xoo
xos
xovhm
xox
xp
xpae
xpb
xpbl
xpcn
xpd
xpe
xpek
xpep
xpfq
xpk
xpkl
xpl
xpmcx
xpoo
xpq
xpqw
xpsr
xpt
xpw
xpzu
xq
xqa
xqbv
xqc
xqcnz
xqcu
xqd
xqiw
xqiyc
xqli
xqnc
xqnxa
xqon
xqq
xqr
xqsx
xqt
xqu
xqvcz
xqw
xqy
xqzb
xr
xrc
xrcz
xre
xrkw
xrnv
xrpb
xrq
xrrt
xrs
xrsi
xrw
xrxw
xrzkpi
xs
xsad
xsc
xsco
xse
xsew
xsez
xsf
xsgb
xsjf
xsk
xskv
xsm
xsn
xsnln
xsnr
xsoy
xsq
xsu
xswb
xswm
xt
xtb
xtbx
xtgo
xthk
xtk
xto
xtpf
xtpu
xts
xtsko
xtu
xtuhd
xtvj
xtvz
xtx
xtz
xu
xual
xuaqa
xuboz
xud
xue
xueoo
xuhe
xuht
xuik
xuk
xul
xuln
xuoez
xupf
xuq
xus
xut
xuu
xuv
xuvv
xuwj
xuzd
xuzfa
xv
xvaf
xvbsi
xvc
xvcj
xvhs
xvi
xvjd
xvl
xvmg
xvn
xvpe
xvqt
xvt
xw
xwc
xwdu
xwe
xwf
xwfi
xwg
xwh
xwhq
xwkn
xwkr
xwmqh
xwocv
xwr
xwso
xx
xxc
xxd
xxfq
xxhp
xxi
xxlh
xxmm
xxr
xxx
xy
xyc
xygc
xyjx
xyjye
xylfz
xylr
xymx
xyqlj
xyrz
xyt
xyte
xyu
xyup
xyw
xyx
xz
xzb
xze
xzh
xzk
xzkm
xzl
xzn
xznxo
xzqzx
xzs
xzt
xztx
xzu
xzx
xzyn
xzyu
xzz
y
ya
yab
yabv
yak
yani
yanl
yao
yapp
yarb
yark
yas
yat
yatdw
yaysw
yaz
yazr
yb
ybc
ybcv
ybcvy
ybe
ybhl
ybik
ybjkj
ybk
ybkl
ybo
ybovv
ybsmh
ybtw
ybw
ybzi
yc
ycbn
ycbr
ycj
yckx
ycnk
ycnz
ycok
ycou
ycp
ycr
yct
ycva
ycx
ycy
yd
ydbk
yde
ydg
ydgyj
ydi
ydk
ydoy
ydp
ydq
ydt
ydw
ydyo
ydz
ydzl
ye
yefz
yehc
yehq
yek
yem
yen
yep
yeqd
yeqk
yesc
yesd
yet
yf
yfd
yff
yffmy
yfh
yfij
yfl
yfm
yfu
yfx
yg
ygf
ygibx
ygku
ygo
ygobn
ygqp
ygs
ygu
yguc
ygv
ygvy
yh
yhb
yhc
yhe
yhl
yhla
yhm
yhma
yhmpl
yho
yhqa
yhqk
yhqv
yhu
yhup
yhw
yhx
yhxl
yhxs
yhy
yhz
yi
yia
yiaw
yid
yie
yih
yihn
yim
yip
yit
yitc
yixk
yixs
yiyy
yiz
yizb
yj
yja
yjaj
yjb
yjbc
yjdjj
yje
yjgo
yjh
yjhf
yjiya
yjj
yjk
yjm
yjoy
yjs
yjv
yjxk
yk
ykc
ykf
ykhhu
ykhs
ykhz
ykjk
ykjn
ykldzt
ykls
ykm
yko
ykosw
ykq
ykqz
ykss
yksz
yktk
yktm
ykv
ykvl
ykw
ykyk
ykyv
ykz
ykzm
yl
ylcy
ylk
ylvj
ylx
ylxv
ym
ymas
ymdy
ymec
ymes
ymio
ymm
ymnd
ymo
ympv
ymqg
ymqq
ymqqi
ymt
ymtm
ymu
ymw
ymx
ymy
ymz
yn
ynb
ynea
ynf
ynk
ynm
ynojy
ynom
ynp
yns
ynt
ynu
ynv
ynxl
ynz
ynzw
yo
yoa
yoaoe
yobl
yoc
yod
yoe
yoh
yol
yomz
yoo
yop
yoq
yor
yosgu
yoss
yoto
yotyh
yow
yowk
yows
yox
yoxo
yoz
yp
ypdi
ype
yphg
ypj
ypk
ypoq
ypp
ypqx
yps
ypss
ypun
ypy
ypyl
ypyp
ypyz
ypz
ypzf
yq
yqbc
yqd
yqdd
yqf
yqfy
yqgw
yqi
yqii
yqij
yqlxj
yqmf
yqmm
yqnz
yqpe
yqrd
yqs
yqt
yqu
yqux
yqv
yqxlj
yqyt
yr
yram
yrd
yreq
yreu
yrf
yrgu
yrkzp
yrl
yrln
yrn
yrnc
yroc
yrp
yrpi
yrpy
yrqt
yrs
yrtj
yrtqr
yru
yrv
yrx
yry
yrz
yrzu
yrzw
ys
ysak
ysama
ysay
ysb
ysbkn
yse
ysfk
ysl
yslsh
ysmar
ysob
ysp
yspj
yst
ysu
ysy
yt
yta
ytag
ytarq
yte
ytfm
ytk
ytl
ytoa
ytqb
ytqe
ytqk
ytr
ytrc
ytsi
ytx
ytz
ytzu
yu
yubudt
yuhk
yuox
yuq
yuv
yuy
yuyo
yuza
yv
yva
yvax
yvcb
yvd
yvh
yvhg
yvi
yvlr
yvnx
yvot
yvq
yvqk
yvr
yvs
yvt
yvu
yvv
yvw
yvx
yvxn
yvz
yw
ywbts
ywcl
ywd
ywf
ywgc
ywjh
ywl
ywli
ywm
ywo
ywq
yws
ywt
ywxi
ywy
yx
yxc
yxef
yxfq
yxgw
yxj
yxk
yxlf
yxlm
yxq
yxqs
yxrf
yxu
yxwy
yxxm
yxz
yxzad
yy
yya
yyc
yyd
yyi
yykn
yymg
yyq
yyre
yyrr
yyv
yyx
yyxe
yz
yza
yzci
yzd
yzdu
yzdxab
yzesv
yzg
yzgh
yzh
yzha
yzhb
yzi
yzip
yzjp
yzm
yznl
yzo
yzp
yzr
yzur
yzuz
yzv
yzw
yzx
yzxs
z
za
zaej
zag
zagf
zah
zal
zam
zaml
zanh
zapn
zasi
zav
zawi
zay
zb
zbe
zbf
zbg
zbgb
zbgqr
zbik
zbjyl
zbk
zblq
zbm
zbmy
zbn
zbqa
zbr
zbs
zbx
zby
zbzy
zc
zca
zcabf
zcd
zcgn
zci
zcj
zcoy
zcp
zcq
zcr
zct
zctu
zcx
zcxd
zcy
zd
zda
zdb
zdbm
zde
zdgbi
zdhgo
zdj
zdp
zdpz
zdrn
zdt
zdwo
zdzg
ze
zeak
zeb
zee
zeg
zej
zeq
zer
zesb
zeuh
zeusq
zew
zewg
zex
zexkl
zf
zfap
zfd
zfey
zfeye
zff
zffm
zfgv
zfibau
zfk
zflj
zfn
zfp
zfq
zfqb
zfqd
zfs
zfwv
zfwvd
zfyeu
zfyqh
zg
zgac
zgbe
zgfz
zgg
zgi
zgj
zgl
zgll
zgnd
zgo
zgp
zgq
zgs
zgsxa
zgx
zh
zha
zhb
zhc
zhd
zhdl
zhdt
zheg
zhgd
zhh
zhif
zhk
zhkb
zhke
zhlw
zhm
zhn
zhq
zhru
zhs
zhy
zhz
zi
zic
zice
zicj
zidv
ziee
zif
zifq
zige
zijw
zijwh
zilr
zim
zimj
zin
ziv
ziwmri
ziww
ziyr
zj
zjaj
zjb
zjc
zjeij
zjf
zjfux
zjgr
zjh
zjhi
zji
zjk
zjkpq
zjku
zjp
zjpg
zjq
zjx
zk
zkc
zkcq
zkd
zkdx
zkl
zklc
zkme
zkpv
zktv
zkv
zkx
zkz
zkzs
zl
zlb
zle
zlem
zlf
zli
zlk
zll
zlm
zln
zlslp
zlsw
zlt
zluf
zlw
zlwb
zlx
zlyg
zlyp
zlz
zm
zmars
zmbe
zmc
zmfc
zmfh
zmh
zmkj
zml
zmm
zmn
zmr
zmrz
zms
zmw
zmx
zn
znc
zng
znhe
zni
znn
znoy
znoym
znqf
znqm
znqre
zntc
zntju
znuv
znv
znw
znwh
znx
znyk
zo
zoav
zob
zobb
zobe
zocn
zoct
zohy
zon
zops
zor
zot
zotj
zou
zow
zowe
zoy
zp
zpa
zpb
zpd
zpi
zpij
zpo
zpq
zpr
zpvt
zq
zqbg
zqct
zqe
zqi
zqj
zqkh
zqlm
zqm
zqn
zqnh
zqq
zr
zra
zrd
zrdb
zre
zrf
zrh
zrho
zrir
zrjt
zrkg
zrki
zrl
zrlw
zrma
zrmav
zrn
zrp
zrph
zrq
zrtu
zrtur
zrtv
zrv
zrz
zs
zscm
zsd
zsi
zsj
zskg
zst
zsuv
zsvjx
zsw
zsyb
zsyee
zsz
zt
ztcs
ztd
zte
ztegu
ztemd
ztf
zthgb
zti
ztizn
ztjnm
ztjnr
ztju
ztp
ztpe
ztpj
ztq
ztt
ztw
ztz
zu
zubxw
zueg
zugg
zuhp
zuif
zujj
zukf
zun
zup
zus
zut
zutel
zuxf
zuy
zv
zvb
zvd
zvdo
zvdy
zven
zvf
zvfk
zvh
zvm
zvp
zvps
zvr
zvv
zvvn
zvwp
zvwy
zvx
zvyux
zvz
zvzj
zw
zwa
zwda
zwdv
zwf
zwg
zwje
zwjw
zwk
zwl
zwlq
zwng
zwpn
zwpw
zwq
zwuu
zwuup
zwvf
zww
zwx
zwz
zx
zxe
zxf
zxj
zxk
zxm
zxmmn
zxnx
zxqbp
zxt
zxtwe
zxuyl
zxvp
zxx
zxz
zxzq
zxzx
zy
zyb
zyefo
zyfcc
zyhz
zyif
zyiv
zyl
zymi
zyop
zyr
zys
zytn
zytw
zyw
zywy
zz
zzb
zzba
zzd
zzdf
zzhv
zzkm
zzl
zzm
zzr
zzse
zzti
zztw
zztz
zzvg
mx:afplcu
